#
# There is insufficient memory for the Java Runtime Environment to continue.
# Native memory allocation (mmap) failed to map 65536 bytes for Failed to commit metaspace.
# Possible reasons:
#   The system is out of physical RAM or swap space
#   The process is running with CompressedOops enabled, and the Java Heap may be blocking the growth of the native heap
# Possible solutions:
#   Reduce memory load on the system
#   Increase physical memory or swap space
#   Check if swap backing store is full
#   Decrease Java heap size (-Xmx/-Xms)
#   Decrease number of Java threads
#   Decrease Java thread stack sizes (-Xss)
#   Set larger code cache with -XX:ReservedCodeCacheSize=
#   JVM is running with Zero Based Compressed Oops mode in which the Java heap is
#     placed in the first 32GB address space. The Java Heap base address is the
#     maximum limit for the native heap growth. Please use -XX:HeapBaseMinAddress
#     to set the Java Heap base and to place the Java Heap above 32GB virtual address.
# This output file may be truncated or incomplete.
#
#  Out of Memory Error (virtualSpaceNode.cpp:110), pid=18144, tid=15500
#
# JRE version: Java(TM) SE Runtime Environment (17.0.12+8) (build 17.0.12+8-LTS-286)
# Java VM: Java HotSpot(TM) 64-Bit Server VM (17.0.12+8-LTS-286, mixed mode, emulated-client, sharing, tiered, compressed oops, compressed class ptrs, g1 gc, windows-amd64)
# No core dump will be written. Minidumps are not enabled by default on client versions of Windows
#

---------------  S U M M A R Y ------------

Command Line: -XX:TieredStopAtLevel=1 -Dspring.output.ansi.enabled=always -Dcom.sun.management.jmxremote -Dspring.jmx.enabled=true -Dspring.liveBeansView.mbeanDomain -Dspring.application.admin.enabled=true -Dmanagement.endpoints.jmx.exposure.include=* -javaagent:D:\IntelliJ IDEA 2026.2.0.1\lib\idea_rt.jar=42673 -Dfile.encoding=UTF-8 vn.edu.crs.authservice.AuthServiceApplication

Host: 11th Gen Intel(R) Core(TM) i5-1135G7 @ 2.40GHz, 8 cores, 15G,  Windows 11 , 64 bit Build 26100 (10.0.26100.8972)
Time: Thu Aug 13 09:54:51 2026 SE Asia Standard Time elapsed time: 1.918720 seconds (0d 0h 0m 1s)

---------------  T H R E A D  ---------------

Current thread (0x00000233212b0b40):  JavaThread "main" [_thread_in_vm, id=15500, stack(0x000000bf03300000,0x000000bf03400000)]

Stack: [0x000000bf03300000,0x000000bf03400000]
Native frames: (J=compiled Java code, j=interpreted, Vv=VM code, C=native code)
V  [jvm.dll+0x67a04a]
V  [jvm.dll+0x7da4ed]
V  [jvm.dll+0x7dbe33]
V  [jvm.dll+0x7dc4a3]
V  [jvm.dll+0x24508f]
V  [jvm.dll+0x7d60bb]
V  [jvm.dll+0x6206c6]
V  [jvm.dll+0x1bed07]
V  [jvm.dll+0x623022]
V  [jvm.dll+0x621086]
V  [jvm.dll+0x369732]
V  [jvm.dll+0x1e048b]
V  [jvm.dll+0x53f7b5]
V  [jvm.dll+0x1ef3ca]
V  [jvm.dll+0x7547ad]
V  [jvm.dll+0x755bc6]
V  [jvm.dll+0x756355]
V  [jvm.dll+0x1e9741]
V  [jvm.dll+0x1dea5a]
V  [jvm.dll+0x53f78c]
V  [jvm.dll+0x1ef3ca]
V  [jvm.dll+0x7547ad]
V  [jvm.dll+0x755bc6]
V  [jvm.dll+0x755ef8]
V  [jvm.dll+0x23d13b]
V  [jvm.dll+0x37d08e]
C  0x000002332a3998f0

Java frames: (J=compiled Java code, j=interpreted, Vv=VM code)
j  sun.nio.ch.FileChannelImpl.<init>(Ljava/io/FileDescriptor;Ljava/lang/String;ZZZLjava/lang/Object;)V+61 java.base@17.0.12
j  sun.nio.ch.FileChannelImpl.open(Ljava/io/FileDescriptor;Ljava/lang/String;ZZZLjava/lang/Object;)Ljava/nio/channels/FileChannel;+12 java.base@17.0.12
j  sun.nio.fs.WindowsChannelFactory.newFileChannel(Ljava/lang/String;Ljava/lang/String;Ljava/util/Set;J)Ljava/nio/channels/FileChannel;+126 java.base@17.0.12
j  sun.nio.fs.WindowsFileSystemProvider.newByteChannel(Ljava/nio/file/Path;Ljava/util/Set;[Ljava/nio/file/attribute/FileAttribute;)Ljava/nio/channels/SeekableByteChannel;+28 java.base@17.0.12
j  java.nio.file.Files.newByteChannel(Ljava/nio/file/Path;Ljava/util/Set;[Ljava/nio/file/attribute/FileAttribute;)Ljava/nio/channels/SeekableByteChannel;+7 java.base@17.0.12
j  java.nio.file.Files.newByteChannel(Ljava/nio/file/Path;[Ljava/nio/file/OpenOption;)Ljava/nio/channels/SeekableByteChannel;+32 java.base@17.0.12
j  java.nio.file.spi.FileSystemProvider.newInputStream(Ljava/nio/file/Path;[Ljava/nio/file/OpenOption;)Ljava/io/InputStream;+84 java.base@17.0.12
j  java.nio.file.Files.newInputStream(Ljava/nio/file/Path;[Ljava/nio/file/OpenOption;)Ljava/io/InputStream;+6 java.base@17.0.12
j  org.springframework.core.io.FileSystemResource.getInputStream()Ljava/io/InputStream;+8
j  org.springframework.core.type.classreading.SimpleMetadataReader.getClassReader(Lorg/springframework/core/io/Resource;)Lorg/springframework/asm/ClassReader;+1
j  org.springframework.core.type.classreading.SimpleMetadataReader.<init>(Lorg/springframework/core/io/Resource;Ljava/lang/ClassLoader;)V+14
j  org.springframework.core.type.classreading.SimpleMetadataReaderFactory.getMetadataReader(Lorg/springframework/core/io/Resource;)Lorg/springframework/core/type/classreading/MetadataReader;+14
j  org.springframework.core.type.classreading.CachingMetadataReaderFactory.getMetadataReader(Lorg/springframework/core/io/Resource;)Lorg/springframework/core/type/classreading/MetadataReader;+33
j  org.springframework.context.annotation.ClassPathScanningCandidateComponentProvider.scanCandidateComponents(Ljava/lang/String;)Ljava/util/Set;+141
j  org.springframework.context.annotation.ClassPathScanningCandidateComponentProvider.findCandidateComponents(Ljava/lang/String;)Ljava/util/Set;+52
j  org.springframework.context.annotation.ClassPathBeanDefinitionScanner.doScan([Ljava/lang/String;)Ljava/util/Set;+39
j  org.springframework.context.annotation.ComponentScanAnnotationParser.parse(Lorg/springframework/core/annotation/AnnotationAttributes;Ljava/lang/String;)Ljava/util/Set;+508
j  org.springframework.context.annotation.ConfigurationClassParser.doProcessConfigurationClass(Lorg/springframework/context/annotation/ConfigurationClass;Lorg/springframework/context/annotation/ConfigurationClassParser$SourceClass;Ljava/util/function/Predicate;)Lorg/springframework/context/annotation/ConfigurationClassParser$SourceClass;+271
j  org.springframework.context.annotation.ConfigurationClassParser.processConfigurationClass(Lorg/springframework/context/annotation/ConfigurationClass;Ljava/util/function/Predicate;)V+151
j  org.springframework.context.annotation.ConfigurationClassParser.parse(Lorg/springframework/beans/factory/annotation/AnnotatedBeanDefinition;Ljava/lang/String;)Lorg/springframework/context/annotation/ConfigurationClass;+24
j  org.springframework.context.annotation.ConfigurationClassParser.parse(Ljava/util/Set;)V+54
j  org.springframework.context.annotation.ConfigurationClassPostProcessor.processConfigBeanDefinitions(Lorg/springframework/beans/factory/support/BeanDefinitionRegistry;)V+348
j  org.springframework.context.annotation.ConfigurationClassPostProcessor.postProcessBeanDefinitionRegistry(Lorg/springframework/beans/factory/support/BeanDefinitionRegistry;)V+87
j  org.springframework.context.support.PostProcessorRegistrationDelegate.invokeBeanDefinitionRegistryPostProcessors(Ljava/util/Collection;Lorg/springframework/beans/factory/support/BeanDefinitionRegistry;Lorg/springframework/core/metrics/ApplicationStartup;)V+59
j  org.springframework.context.support.PostProcessorRegistrationDelegate.invokeBeanFactoryPostProcessors(Lorg/springframework/beans/factory/config/ConfigurableListableBeanFactory;Ljava/util/List;)V+238
j  org.springframework.context.support.AbstractApplicationContext.invokeBeanFactoryPostProcessors(Lorg/springframework/beans/factory/config/ConfigurableListableBeanFactory;)V+5
j  org.springframework.context.support.AbstractApplicationContext.refresh()V+62
j  org.springframework.boot.web.server.servlet.context.ServletWebServerApplicationContext.refresh()V+1
j  org.springframework.boot.SpringApplication.refresh(Lorg/springframework/context/ConfigurableApplicationContext;)V+1
j  org.springframework.boot.SpringApplication.refreshContext(Lorg/springframework/context/ConfigurableApplicationContext;)V+19
j  org.springframework.boot.SpringApplication.run([Ljava/lang/String;)Lorg/springframework/context/ConfigurableApplicationContext;+113
j  org.springframework.boot.SpringApplication.run([Ljava/lang/Class;[Ljava/lang/String;)Lorg/springframework/context/ConfigurableApplicationContext;+9
j  org.springframework.boot.SpringApplication.run(Ljava/lang/Class;[Ljava/lang/String;)Lorg/springframework/context/ConfigurableApplicationContext;+9
j  vn.edu.crs.authservice.AuthServiceApplication.main([Ljava/lang/String;)V+3
v  ~StubRoutines::call_stub

---------------  P R O C E S S  ---------------

Threads class SMR info:
_java_thread_list=0x00000233053d9380, length=20, elements={
0x00000233212b0b40, 0x00000233397c26f0, 0x00000233397c2ec0, 0x00000233397d1aa0,
0x00000233397d3f90, 0x00000233397d4560, 0x00000233397d4b30, 0x00000233397d91c0,
0x0000023339801ce0, 0x00000233397ac1d0, 0x00000233397ac6b0, 0x000002337b13e6d0,
0x00000233042d9420, 0x00000233042d9900, 0x0000023304458490, 0x0000023304688570,
0x00000233046969f0, 0x0000023304698ee0, 0x0000023305466fe0, 0x0000023305465690
}

Java Threads: ( => current thread )
=>0x00000233212b0b40 JavaThread "main" [_thread_in_vm, id=15500, stack(0x000000bf03300000,0x000000bf03400000)]
  0x00000233397c26f0 JavaThread "Reference Handler" daemon [_thread_blocked, id=2524, stack(0x000000bf03a00000,0x000000bf03b00000)]
  0x00000233397c2ec0 JavaThread "Finalizer" daemon [_thread_blocked, id=18252, stack(0x000000bf03b00000,0x000000bf03c00000)]
  0x00000233397d1aa0 JavaThread "Signal Dispatcher" daemon [_thread_blocked, id=8032, stack(0x000000bf03c00000,0x000000bf03d00000)]
  0x00000233397d3f90 JavaThread "Attach Listener" daemon [_thread_blocked, id=20368, stack(0x000000bf03d00000,0x000000bf03e00000)]
  0x00000233397d4560 JavaThread "Service Thread" daemon [_thread_blocked, id=13580, stack(0x000000bf03e00000,0x000000bf03f00000)]
  0x00000233397d4b30 JavaThread "Monitor Deflation Thread" daemon [_thread_blocked, id=24408, stack(0x000000bf03f00000,0x000000bf04000000)]
  0x00000233397d91c0 JavaThread "C1 CompilerThread0" daemon [_thread_blocked, id=2116, stack(0x000000bf04000000,0x000000bf04100000)]
  0x0000023339801ce0 JavaThread "Sweeper thread" daemon [_thread_blocked, id=18748, stack(0x000000bf04100000,0x000000bf04200000)]
  0x00000233397ac1d0 JavaThread "Common-Cleaner" daemon [_thread_blocked, id=16344, stack(0x000000bf04200000,0x000000bf04300000)]
  0x00000233397ac6b0 JavaThread "C1 CompilerThread1" daemon [_thread_blocked, id=11976, stack(0x000000bf04300000,0x000000bf04400000)]
  0x000002337b13e6d0 JavaThread "C1 CompilerThread2" daemon [_thread_blocked, id=22512, stack(0x000000bf04400000,0x000000bf04500000)]
  0x00000233042d9420 JavaThread "Monitor Ctrl-Break" daemon [_thread_in_native, id=25276, stack(0x000000bf04500000,0x000000bf04600000)]
  0x00000233042d9900 JavaThread "Notification Thread" daemon [_thread_blocked, id=22124, stack(0x000000bf04600000,0x000000bf04700000)]
  0x0000023304458490 JavaThread "RMI TCP Accept-0" daemon [_thread_in_native, id=15760, stack(0x000000bf04700000,0x000000bf04800000)]
  0x0000023304688570 JavaThread "RMI TCP Connection(1)-172.20.10.5" daemon [_thread_in_vm, id=16856, stack(0x000000bf04800000,0x000000bf04900000)]
  0x00000233046969f0 JavaThread "RMI Scheduler(0)" daemon [_thread_blocked, id=15368, stack(0x000000bf04a00000,0x000000bf04b00000)]
  0x0000023304698ee0 JavaThread "JMX server connection timeout 20" daemon [_thread_blocked, id=23232, stack(0x000000bf04b00000,0x000000bf04c00000)]
  0x0000023305466fe0 JavaThread "RMI TCP Connection(2)-172.20.10.5" daemon [_thread_in_native, id=23160, stack(0x000000bf05300000,0x000000bf05400000)]
  0x0000023305465690 JavaThread "background-preinit" [_thread_in_vm, id=14052, stack(0x000000bf05400000,0x000000bf05500000)]

Other Threads:
  0x00000233397bbc30 VMThread "VM Thread" [stack: 0x000000bf03900000,0x000000bf03a00000] [id=2848]
  0x0000023321341b20 WatcherThread [stack: 0x000000bf04900000,0x000000bf04a00000] [id=23768]
  0x000002332131dbc0 GCTaskThread "GC Thread#0" [stack: 0x000000bf03400000,0x000000bf03500000] [id=24640]
  0x000002330489c930 GCTaskThread "GC Thread#1" [stack: 0x000000bf04c00000,0x000000bf04d00000] [id=20892]
  0x000002330489dc70 GCTaskThread "GC Thread#2" [stack: 0x000000bf04d00000,0x000000bf04e00000] [id=14488]
  0x000002330489c0f0 GCTaskThread "GC Thread#3" [stack: 0x000000bf04e00000,0x000000bf04f00000] [id=12804]
  0x000002330489d6f0 GCTaskThread "GC Thread#4" [stack: 0x000000bf04f00000,0x000000bf05000000] [id=7660]
  0x000002330489d170 GCTaskThread "GC Thread#5" [stack: 0x000000bf05000000,0x000000bf05100000] [id=10488]
  0x000002330489ceb0 GCTaskThread "GC Thread#6" [stack: 0x000000bf05100000,0x000000bf05200000] [id=20732]
  0x000002330489d430 GCTaskThread "GC Thread#7" [stack: 0x000000bf05200000,0x000000bf05300000] [id=21496]
  0x000002332132f320 ConcurrentGCThread "G1 Main Marker" [stack: 0x000000bf03500000,0x000000bf03600000] [id=22700]
  0x000002332132fd30 ConcurrentGCThread "G1 Conc#0" [stack: 0x000000bf03600000,0x000000bf03700000] [id=3032]
  0x00000233396eed80 ConcurrentGCThread "G1 Refine#0" [stack: 0x000000bf03700000,0x000000bf03800000] [id=16376]
  0x00000233396f1270 ConcurrentGCThread "G1 Service" [stack: 0x000000bf03800000,0x000000bf03900000] [id=10332]

Threads with active compile tasks:

VM state: not at safepoint (normal execution)

VM Mutex/Monitor currently owned by a thread:  ([mutex/lock_event])
[0x00000233212ad8f0] Metaspace_lock - owner thread: 0x00000233212b0b40

Heap address: 0x0000000704c00000, size: 4020 MB, Compressed Oops mode: Zero based, Oop shift amount: 3

CDS archive(s) mapped at: [0x000002333a000000-0x000002333abd0000-0x000002333abd0000), size 12386304, SharedBaseAddress: 0x000002333a000000, ArchiveRelocationMode: 1.
Compressed class space mapped at: 0x000002333b000000-0x000002337b000000, reserved size: 1073741824
Narrow klass base: 0x000002333a000000, Narrow klass shift: 0, Narrow klass range: 0x100000000

GC Precious Log:
 CPUs: 8 total, 8 available
 Memory: 16079M
 Large Page Support: Disabled
 NUMA Support: Disabled
 Compressed Oops: Enabled (Zero based)
 Heap Region Size: 2M
 Heap Min Capacity: 8M
 Heap Initial Capacity: 252M
 Heap Max Capacity: 4020M
 Pre-touch: Disabled
 Parallel Workers: 8
 Concurrent Workers: 2
 Concurrent Refinement Workers: 8
 Periodic GC: Disabled

Heap:
 garbage-first heap   total 258048K, used 40466K [0x0000000704c00000, 0x0000000800000000)
  region size 2048K, 17 young (34816K), 1 survivors (2048K)
 Metaspace       used 17453K, committed 17856K, reserved 1114112K
  class space    used 2513K, committed 2688K, reserved 1048576K

Heap Regions: E=young(eden), S=young(survivor), O=old, HS=humongous(starts), HC=humongous(continues), CS=collection set, F=free, OA=open archive, CA=closed archive, TAMS=top-at-mark-start (previous, next)
|   0|0x0000000704c00000, 0x0000000704e00000, 0x0000000704e00000|100%| O|  |TAMS 0x0000000704c00000, 0x0000000704c00000| Untracked 
|   1|0x0000000704e00000, 0x0000000705000000, 0x0000000705000000|100%| O|  |TAMS 0x0000000704e00000, 0x0000000704e00000| Untracked 
|   2|0x0000000705000000, 0x0000000705200000, 0x0000000705200000|100%| O|  |TAMS 0x0000000705000000, 0x0000000705000000| Untracked 
|   3|0x0000000705200000, 0x00000007053f7c00, 0x0000000705400000| 98%| O|  |TAMS 0x0000000705200000, 0x0000000705200000| Untracked 
|   4|0x0000000705400000, 0x0000000705400000, 0x0000000705600000|  0%| F|  |TAMS 0x0000000705400000, 0x0000000705400000| Untracked 
|   5|0x0000000705600000, 0x0000000705600000, 0x0000000705800000|  0%| F|  |TAMS 0x0000000705600000, 0x0000000705600000| Untracked 
|   6|0x0000000705800000, 0x0000000705800000, 0x0000000705a00000|  0%| F|  |TAMS 0x0000000705800000, 0x0000000705800000| Untracked 
|   7|0x0000000705a00000, 0x0000000705a00000, 0x0000000705c00000|  0%| F|  |TAMS 0x0000000705a00000, 0x0000000705a00000| Untracked 
|   8|0x0000000705c00000, 0x0000000705c00000, 0x0000000705e00000|  0%| F|  |TAMS 0x0000000705c00000, 0x0000000705c00000| Untracked 
|   9|0x0000000705e00000, 0x0000000705e00000, 0x0000000706000000|  0%| F|  |TAMS 0x0000000705e00000, 0x0000000705e00000| Untracked 
|  10|0x0000000706000000, 0x0000000706000000, 0x0000000706200000|  0%| F|  |TAMS 0x0000000706000000, 0x0000000706000000| Untracked 
|  11|0x0000000706200000, 0x0000000706200000, 0x0000000706400000|  0%| F|  |TAMS 0x0000000706200000, 0x0000000706200000| Untracked 
|  12|0x0000000706400000, 0x0000000706400000, 0x0000000706600000|  0%| F|  |TAMS 0x0000000706400000, 0x0000000706400000| Untracked 
|  13|0x0000000706600000, 0x0000000706600000, 0x0000000706800000|  0%| F|  |TAMS 0x0000000706600000, 0x0000000706600000| Untracked 
|  14|0x0000000706800000, 0x0000000706800000, 0x0000000706a00000|  0%| F|  |TAMS 0x0000000706800000, 0x0000000706800000| Untracked 
|  15|0x0000000706a00000, 0x0000000706a00000, 0x0000000706c00000|  0%| F|  |TAMS 0x0000000706a00000, 0x0000000706a00000| Untracked 
|  16|0x0000000706c00000, 0x0000000706c00000, 0x0000000706e00000|  0%| F|  |TAMS 0x0000000706c00000, 0x0000000706c00000| Untracked 
|  17|0x0000000706e00000, 0x0000000706e00000, 0x0000000707000000|  0%| F|  |TAMS 0x0000000706e00000, 0x0000000706e00000| Untracked 
|  18|0x0000000707000000, 0x0000000707000000, 0x0000000707200000|  0%| F|  |TAMS 0x0000000707000000, 0x0000000707000000| Untracked 
|  19|0x0000000707200000, 0x0000000707200000, 0x0000000707400000|  0%| F|  |TAMS 0x0000000707200000, 0x0000000707200000| Untracked 
|  20|0x0000000707400000, 0x0000000707400000, 0x0000000707600000|  0%| F|  |TAMS 0x0000000707400000, 0x0000000707400000| Untracked 
|  21|0x0000000707600000, 0x0000000707600000, 0x0000000707800000|  0%| F|  |TAMS 0x0000000707600000, 0x0000000707600000| Untracked 
|  22|0x0000000707800000, 0x0000000707800000, 0x0000000707a00000|  0%| F|  |TAMS 0x0000000707800000, 0x0000000707800000| Untracked 
|  23|0x0000000707a00000, 0x0000000707a00000, 0x0000000707c00000|  0%| F|  |TAMS 0x0000000707a00000, 0x0000000707a00000| Untracked 
|  24|0x0000000707c00000, 0x0000000707c00000, 0x0000000707e00000|  0%| F|  |TAMS 0x0000000707c00000, 0x0000000707c00000| Untracked 
|  25|0x0000000707e00000, 0x0000000707e00000, 0x0000000708000000|  0%| F|  |TAMS 0x0000000707e00000, 0x0000000707e00000| Untracked 
|  26|0x0000000708000000, 0x0000000708000000, 0x0000000708200000|  0%| F|  |TAMS 0x0000000708000000, 0x0000000708000000| Untracked 
|  27|0x0000000708200000, 0x0000000708200000, 0x0000000708400000|  0%| F|  |TAMS 0x0000000708200000, 0x0000000708200000| Untracked 
|  28|0x0000000708400000, 0x0000000708400000, 0x0000000708600000|  0%| F|  |TAMS 0x0000000708400000, 0x0000000708400000| Untracked 
|  29|0x0000000708600000, 0x0000000708600000, 0x0000000708800000|  0%| F|  |TAMS 0x0000000708600000, 0x0000000708600000| Untracked 
|  30|0x0000000708800000, 0x0000000708800000, 0x0000000708a00000|  0%| F|  |TAMS 0x0000000708800000, 0x0000000708800000| Untracked 
|  31|0x0000000708a00000, 0x0000000708a00000, 0x0000000708c00000|  0%| F|  |TAMS 0x0000000708a00000, 0x0000000708a00000| Untracked 
|  32|0x0000000708c00000, 0x0000000708c00000, 0x0000000708e00000|  0%| F|  |TAMS 0x0000000708c00000, 0x0000000708c00000| Untracked 
|  33|0x0000000708e00000, 0x0000000708e00000, 0x0000000709000000|  0%| F|  |TAMS 0x0000000708e00000, 0x0000000708e00000| Untracked 
|  34|0x0000000709000000, 0x0000000709000000, 0x0000000709200000|  0%| F|  |TAMS 0x0000000709000000, 0x0000000709000000| Untracked 
|  35|0x0000000709200000, 0x0000000709200000, 0x0000000709400000|  0%| F|  |TAMS 0x0000000709200000, 0x0000000709200000| Untracked 
|  36|0x0000000709400000, 0x0000000709400000, 0x0000000709600000|  0%| F|  |TAMS 0x0000000709400000, 0x0000000709400000| Untracked 
|  37|0x0000000709600000, 0x0000000709600000, 0x0000000709800000|  0%| F|  |TAMS 0x0000000709600000, 0x0000000709600000| Untracked 
|  38|0x0000000709800000, 0x0000000709800000, 0x0000000709a00000|  0%| F|  |TAMS 0x0000000709800000, 0x0000000709800000| Untracked 
|  39|0x0000000709a00000, 0x0000000709a00000, 0x0000000709c00000|  0%| F|  |TAMS 0x0000000709a00000, 0x0000000709a00000| Untracked 
|  40|0x0000000709c00000, 0x0000000709c00000, 0x0000000709e00000|  0%| F|  |TAMS 0x0000000709c00000, 0x0000000709c00000| Untracked 
|  41|0x0000000709e00000, 0x0000000709e00000, 0x000000070a000000|  0%| F|  |TAMS 0x0000000709e00000, 0x0000000709e00000| Untracked 
|  42|0x000000070a000000, 0x000000070a000000, 0x000000070a200000|  0%| F|  |TAMS 0x000000070a000000, 0x000000070a000000| Untracked 
|  43|0x000000070a200000, 0x000000070a200000, 0x000000070a400000|  0%| F|  |TAMS 0x000000070a200000, 0x000000070a200000| Untracked 
|  44|0x000000070a400000, 0x000000070a400000, 0x000000070a600000|  0%| F|  |TAMS 0x000000070a400000, 0x000000070a400000| Untracked 
|  45|0x000000070a600000, 0x000000070a600000, 0x000000070a800000|  0%| F|  |TAMS 0x000000070a600000, 0x000000070a600000| Untracked 
|  46|0x000000070a800000, 0x000000070a800000, 0x000000070aa00000|  0%| F|  |TAMS 0x000000070a800000, 0x000000070a800000| Untracked 
|  47|0x000000070aa00000, 0x000000070aa00000, 0x000000070ac00000|  0%| F|  |TAMS 0x000000070aa00000, 0x000000070aa00000| Untracked 
|  48|0x000000070ac00000, 0x000000070ac00000, 0x000000070ae00000|  0%| F|  |TAMS 0x000000070ac00000, 0x000000070ac00000| Untracked 
|  49|0x000000070ae00000, 0x000000070ae00000, 0x000000070b000000|  0%| F|  |TAMS 0x000000070ae00000, 0x000000070ae00000| Untracked 
|  50|0x000000070b000000, 0x000000070b000000, 0x000000070b200000|  0%| F|  |TAMS 0x000000070b000000, 0x000000070b000000| Untracked 
|  51|0x000000070b200000, 0x000000070b200000, 0x000000070b400000|  0%| F|  |TAMS 0x000000070b200000, 0x000000070b200000| Untracked 
|  52|0x000000070b400000, 0x000000070b400000, 0x000000070b600000|  0%| F|  |TAMS 0x000000070b400000, 0x000000070b400000| Untracked 
|  53|0x000000070b600000, 0x000000070b600000, 0x000000070b800000|  0%| F|  |TAMS 0x000000070b600000, 0x000000070b600000| Untracked 
|  54|0x000000070b800000, 0x000000070b800000, 0x000000070ba00000|  0%| F|  |TAMS 0x000000070b800000, 0x000000070b800000| Untracked 
|  55|0x000000070ba00000, 0x000000070ba00000, 0x000000070bc00000|  0%| F|  |TAMS 0x000000070ba00000, 0x000000070ba00000| Untracked 
|  56|0x000000070bc00000, 0x000000070bc00000, 0x000000070be00000|  0%| F|  |TAMS 0x000000070bc00000, 0x000000070bc00000| Untracked 
|  57|0x000000070be00000, 0x000000070be00000, 0x000000070c000000|  0%| F|  |TAMS 0x000000070be00000, 0x000000070be00000| Untracked 
|  58|0x000000070c000000, 0x000000070c000000, 0x000000070c200000|  0%| F|  |TAMS 0x000000070c000000, 0x000000070c000000| Untracked 
|  59|0x000000070c200000, 0x000000070c200000, 0x000000070c400000|  0%| F|  |TAMS 0x000000070c200000, 0x000000070c200000| Untracked 
|  60|0x000000070c400000, 0x000000070c400000, 0x000000070c600000|  0%| F|  |TAMS 0x000000070c400000, 0x000000070c400000| Untracked 
|  61|0x000000070c600000, 0x000000070c600000, 0x000000070c800000|  0%| F|  |TAMS 0x000000070c600000, 0x000000070c600000| Untracked 
|  62|0x000000070c800000, 0x000000070c800000, 0x000000070ca00000|  0%| F|  |TAMS 0x000000070c800000, 0x000000070c800000| Untracked 
|  63|0x000000070ca00000, 0x000000070ca00000, 0x000000070cc00000|  0%| F|  |TAMS 0x000000070ca00000, 0x000000070ca00000| Untracked 
|  64|0x000000070cc00000, 0x000000070cc00000, 0x000000070ce00000|  0%| F|  |TAMS 0x000000070cc00000, 0x000000070cc00000| Untracked 
|  65|0x000000070ce00000, 0x000000070ce00000, 0x000000070d000000|  0%| F|  |TAMS 0x000000070ce00000, 0x000000070ce00000| Untracked 
|  66|0x000000070d000000, 0x000000070d000000, 0x000000070d200000|  0%| F|  |TAMS 0x000000070d000000, 0x000000070d000000| Untracked 
|  67|0x000000070d200000, 0x000000070d200000, 0x000000070d400000|  0%| F|  |TAMS 0x000000070d200000, 0x000000070d200000| Untracked 
|  68|0x000000070d400000, 0x000000070d400000, 0x000000070d600000|  0%| F|  |TAMS 0x000000070d400000, 0x000000070d400000| Untracked 
|  69|0x000000070d600000, 0x000000070d600000, 0x000000070d800000|  0%| F|  |TAMS 0x000000070d600000, 0x000000070d600000| Untracked 
|  70|0x000000070d800000, 0x000000070d800000, 0x000000070da00000|  0%| F|  |TAMS 0x000000070d800000, 0x000000070d800000| Untracked 
|  71|0x000000070da00000, 0x000000070da00000, 0x000000070dc00000|  0%| F|  |TAMS 0x000000070da00000, 0x000000070da00000| Untracked 
|  72|0x000000070dc00000, 0x000000070dc00000, 0x000000070de00000|  0%| F|  |TAMS 0x000000070dc00000, 0x000000070dc00000| Untracked 
|  73|0x000000070de00000, 0x000000070de00000, 0x000000070e000000|  0%| F|  |TAMS 0x000000070de00000, 0x000000070de00000| Untracked 
|  74|0x000000070e000000, 0x000000070e000000, 0x000000070e200000|  0%| F|  |TAMS 0x000000070e000000, 0x000000070e000000| Untracked 
|  75|0x000000070e200000, 0x000000070e200000, 0x000000070e400000|  0%| F|  |TAMS 0x000000070e200000, 0x000000070e200000| Untracked 
|  76|0x000000070e400000, 0x000000070e400000, 0x000000070e600000|  0%| F|  |TAMS 0x000000070e400000, 0x000000070e400000| Untracked 
|  77|0x000000070e600000, 0x000000070e600000, 0x000000070e800000|  0%| F|  |TAMS 0x000000070e600000, 0x000000070e600000| Untracked 
|  78|0x000000070e800000, 0x000000070e800000, 0x000000070ea00000|  0%| F|  |TAMS 0x000000070e800000, 0x000000070e800000| Untracked 
|  79|0x000000070ea00000, 0x000000070ea00000, 0x000000070ec00000|  0%| F|  |TAMS 0x000000070ea00000, 0x000000070ea00000| Untracked 
|  80|0x000000070ec00000, 0x000000070ec00000, 0x000000070ee00000|  0%| F|  |TAMS 0x000000070ec00000, 0x000000070ec00000| Untracked 
|  81|0x000000070ee00000, 0x000000070ee00000, 0x000000070f000000|  0%| F|  |TAMS 0x000000070ee00000, 0x000000070ee00000| Untracked 
|  82|0x000000070f000000, 0x000000070f000000, 0x000000070f200000|  0%| F|  |TAMS 0x000000070f000000, 0x000000070f000000| Untracked 
|  83|0x000000070f200000, 0x000000070f200000, 0x000000070f400000|  0%| F|  |TAMS 0x000000070f200000, 0x000000070f200000| Untracked 
|  84|0x000000070f400000, 0x000000070f400000, 0x000000070f600000|  0%| F|  |TAMS 0x000000070f400000, 0x000000070f400000| Untracked 
|  85|0x000000070f600000, 0x000000070f600000, 0x000000070f800000|  0%| F|  |TAMS 0x000000070f600000, 0x000000070f600000| Untracked 
|  86|0x000000070f800000, 0x000000070f800000, 0x000000070fa00000|  0%| F|  |TAMS 0x000000070f800000, 0x000000070f800000| Untracked 
|  87|0x000000070fa00000, 0x000000070fa00000, 0x000000070fc00000|  0%| F|  |TAMS 0x000000070fa00000, 0x000000070fa00000| Untracked 
|  88|0x000000070fc00000, 0x000000070fc00000, 0x000000070fe00000|  0%| F|  |TAMS 0x000000070fc00000, 0x000000070fc00000| Untracked 
|  89|0x000000070fe00000, 0x000000070fe00000, 0x0000000710000000|  0%| F|  |TAMS 0x000000070fe00000, 0x000000070fe00000| Untracked 
|  90|0x0000000710000000, 0x0000000710000000, 0x0000000710200000|  0%| F|  |TAMS 0x0000000710000000, 0x0000000710000000| Untracked 
|  91|0x0000000710200000, 0x0000000710200000, 0x0000000710400000|  0%| F|  |TAMS 0x0000000710200000, 0x0000000710200000| Untracked 
|  92|0x0000000710400000, 0x0000000710400000, 0x0000000710600000|  0%| F|  |TAMS 0x0000000710400000, 0x0000000710400000| Untracked 
|  93|0x0000000710600000, 0x0000000710600000, 0x0000000710800000|  0%| F|  |TAMS 0x0000000710600000, 0x0000000710600000| Untracked 
|  94|0x0000000710800000, 0x0000000710800000, 0x0000000710a00000|  0%| F|  |TAMS 0x0000000710800000, 0x0000000710800000| Untracked 
|  95|0x0000000710a00000, 0x0000000710a00000, 0x0000000710c00000|  0%| F|  |TAMS 0x0000000710a00000, 0x0000000710a00000| Untracked 
|  96|0x0000000710c00000, 0x0000000710c00000, 0x0000000710e00000|  0%| F|  |TAMS 0x0000000710c00000, 0x0000000710c00000| Untracked 
|  97|0x0000000710e00000, 0x0000000710e00000, 0x0000000711000000|  0%| F|  |TAMS 0x0000000710e00000, 0x0000000710e00000| Untracked 
|  98|0x0000000711000000, 0x0000000711000000, 0x0000000711200000|  0%| F|  |TAMS 0x0000000711000000, 0x0000000711000000| Untracked 
|  99|0x0000000711200000, 0x0000000711200000, 0x0000000711400000|  0%| F|  |TAMS 0x0000000711200000, 0x0000000711200000| Untracked 
| 100|0x0000000711400000, 0x0000000711400000, 0x0000000711600000|  0%| F|  |TAMS 0x0000000711400000, 0x0000000711400000| Untracked 
| 101|0x0000000711600000, 0x0000000711600000, 0x0000000711800000|  0%| F|  |TAMS 0x0000000711600000, 0x0000000711600000| Untracked 
| 102|0x0000000711800000, 0x0000000711800000, 0x0000000711a00000|  0%| F|  |TAMS 0x0000000711800000, 0x0000000711800000| Untracked 
| 103|0x0000000711a00000, 0x0000000711a00000, 0x0000000711c00000|  0%| F|  |TAMS 0x0000000711a00000, 0x0000000711a00000| Untracked 
| 104|0x0000000711c00000, 0x0000000711c00000, 0x0000000711e00000|  0%| F|  |TAMS 0x0000000711c00000, 0x0000000711c00000| Untracked 
| 105|0x0000000711e00000, 0x0000000711e00000, 0x0000000712000000|  0%| F|  |TAMS 0x0000000711e00000, 0x0000000711e00000| Untracked 
| 106|0x0000000712000000, 0x0000000712000000, 0x0000000712200000|  0%| F|  |TAMS 0x0000000712000000, 0x0000000712000000| Untracked 
| 107|0x0000000712200000, 0x0000000712200000, 0x0000000712400000|  0%| F|  |TAMS 0x0000000712200000, 0x0000000712200000| Untracked 
| 108|0x0000000712400000, 0x0000000712400000, 0x0000000712600000|  0%| F|  |TAMS 0x0000000712400000, 0x0000000712400000| Untracked 
| 109|0x0000000712600000, 0x00000007127f1848, 0x0000000712800000| 97%| E|  |TAMS 0x0000000712600000, 0x0000000712600000| Complete 
| 110|0x0000000712800000, 0x0000000712a00000, 0x0000000712a00000|100%| E|CS|TAMS 0x0000000712800000, 0x0000000712800000| Complete 
| 111|0x0000000712a00000, 0x0000000712c00000, 0x0000000712c00000|100%| E|CS|TAMS 0x0000000712a00000, 0x0000000712a00000| Complete 
| 112|0x0000000712c00000, 0x0000000712e00000, 0x0000000712e00000|100%| E|CS|TAMS 0x0000000712c00000, 0x0000000712c00000| Complete 
| 113|0x0000000712e00000, 0x0000000713000000, 0x0000000713000000|100%| E|CS|TAMS 0x0000000712e00000, 0x0000000712e00000| Complete 
| 114|0x0000000713000000, 0x0000000713200000, 0x0000000713200000|100%| E|CS|TAMS 0x0000000713000000, 0x0000000713000000| Complete 
| 115|0x0000000713200000, 0x0000000713400000, 0x0000000713400000|100%| E|CS|TAMS 0x0000000713200000, 0x0000000713200000| Complete 
| 116|0x0000000713400000, 0x000000071358cf98, 0x0000000713600000| 77%| S|CS|TAMS 0x0000000713400000, 0x0000000713400000| Complete 
| 117|0x0000000713600000, 0x0000000713800000, 0x0000000713800000|100%| E|CS|TAMS 0x0000000713600000, 0x0000000713600000| Complete 
| 118|0x0000000713800000, 0x0000000713a00000, 0x0000000713a00000|100%| E|CS|TAMS 0x0000000713800000, 0x0000000713800000| Complete 
| 119|0x0000000713a00000, 0x0000000713c00000, 0x0000000713c00000|100%| E|CS|TAMS 0x0000000713a00000, 0x0000000713a00000| Complete 
| 120|0x0000000713c00000, 0x0000000713e00000, 0x0000000713e00000|100%| E|CS|TAMS 0x0000000713c00000, 0x0000000713c00000| Complete 
| 121|0x0000000713e00000, 0x0000000714000000, 0x0000000714000000|100%| E|CS|TAMS 0x0000000713e00000, 0x0000000713e00000| Complete 
| 122|0x0000000714000000, 0x0000000714200000, 0x0000000714200000|100%| E|CS|TAMS 0x0000000714000000, 0x0000000714000000| Complete 
| 123|0x0000000714200000, 0x0000000714400000, 0x0000000714400000|100%| E|CS|TAMS 0x0000000714200000, 0x0000000714200000| Complete 
| 124|0x0000000714400000, 0x0000000714600000, 0x0000000714600000|100%| E|CS|TAMS 0x0000000714400000, 0x0000000714400000| Complete 
| 125|0x0000000714600000, 0x0000000714800000, 0x0000000714800000|100%| E|CS|TAMS 0x0000000714600000, 0x0000000714600000| Complete 

Card table byte_map: [0x000002332e3f0000,0x000002332ebd0000] _byte_map_base: 0x000002332abca000

Marking Bits (Prev, Next): (CMBitMap*) 0x000002332131e1e0, (CMBitMap*) 0x000002332131e220
 Prev Bits: [0x000002332f3b0000, 0x0000023333280000)
 Next Bits: [0x0000023333280000, 0x0000023337150000)

Polling page: 0x0000023321010000

Metaspace:

Usage:
  Non-class:     14.59 MB used.
      Class:      2.45 MB used.
       Both:     17.04 MB used.

Virtual space:
  Non-class space:       64.00 MB reserved,      14.81 MB ( 23%) committed,  1 nodes.
      Class space:        1.00 GB reserved,       2.62 MB ( <1%) committed,  1 nodes.
             Both:        1.06 GB reserved,      17.44 MB (  2%) committed. 

Chunk freelists:
   Non-Class:  864.00 KB
       Class:  13.17 MB
        Both:  14.02 MB

MaxMetaspaceSize: unlimited
CompressedClassSpaceSize: 1.00 GB
Initial GC threshold: 21.00 MB
Current GC threshold: 21.00 MB
CDS: on
MetaspaceReclaimPolicy: balanced
 - commit_granule_bytes: 65536.
 - commit_granule_words: 8192.
 - virtual_space_node_default_size: 8388608.
 - enlarge_chunks_in_place: 1.
 - new_chunks_are_fully_committed: 0.
 - uncommit_free_chunks: 1.
 - use_allocation_guard: 0.
 - handle_deallocations: 1.


Internal statistics:

num_allocs_failed_limit: 0.
num_arena_births: 454.
num_arena_deaths: 0.
num_vsnodes_births: 2.
num_vsnodes_deaths: 0.
num_space_committed: 279.
num_space_uncommitted: 0.
num_chunks_returned_to_freelist: 0.
num_chunks_taken_from_freelist: 1024.
num_chunk_merges: 0.
num_chunk_splits: 656.
num_chunks_enlarged: 446.
num_inconsistent_stats: 0.

CodeCache: size=49152Kb used=5508Kb max_used=5508Kb free=43643Kb
 bounds [0x000002332a380000, 0x000002332a8f0000, 0x000002332d380000]
 total_blobs=2689 nmethods=2190 adapters=424
 compilation: disabled (not enough contiguous free space left)
              stopped_count=1, restarted_count=0
 full_count=1

Compilation events (20 events):
Event: 1.682 Thread 0x00000233397ac6b0 nmethod 2179 0x000002332a8dca90 code [0x000002332a8dcc40, 0x000002332a8dce18]
Event: 1.683 Thread 0x00000233397d91c0 nmethod 2180 0x000002332a8dcf10 code [0x000002332a8dd160, 0x000002332a8dd7e8]
Event: 1.685 Thread 0x00000233397d91c0 2182       1       java.nio.ByteBuffer::limit (8 bytes)
Event: 1.685 Thread 0x000002337b13e6d0 2183       1       org.springframework.core.annotation.AnnotationTypeMapping::getAnnotationType (5 bytes)
Event: 1.685 Thread 0x000002337b13e6d0 nmethod 2183 0x000002332a8ddb90 code [0x000002332a8ddd20, 0x000002332a8dddf8]
Event: 1.685 Thread 0x00000233397d91c0 nmethod 2182 0x000002332a8dde90 code [0x000002332a8de020, 0x000002332a8de108]
Event: 1.686 Thread 0x00000233397d91c0 2184       1       jdk.internal.loader.AbstractClassLoaderValue$Sub::hashCode (19 bytes)
Event: 1.686 Thread 0x00000233397d91c0 nmethod 2184 0x000002332a8de190 code [0x000002332a8de340, 0x000002332a8de498]
Event: 1.687 Thread 0x00000233397d91c0 2185       1       org.springframework.core.annotation.AnnotationsScanner::getDeclaredAnnotations (167 bytes)
Event: 1.687 Thread 0x000002337b13e6d0 2186       1       java.lang.reflect.Executable::getDeclaredAnnotations (8 bytes)
Event: 1.688 Thread 0x00000233397ac6b0 2187       1       java.lang.reflect.Method::getDeclaredAnnotations (5 bytes)
Event: 1.688 Thread 0x000002337b13e6d0 nmethod 2186 0x000002332a8de590 code [0x000002332a8de740, 0x000002332a8de8c8]
Event: 1.688 Thread 0x00000233397ac6b0 nmethod 2187 0x000002332a8de990 code [0x000002332a8deb40, 0x000002332a8decc8]
Event: 1.689 Thread 0x00000233397d91c0 nmethod 2185 0x000002332a8ded90 code [0x000002332a8defe0, 0x000002332a8df5b8]
Event: 1.689 Thread 0x00000233397d91c0 2188       1       org.springframework.core.annotation.AnnotationTypeMapping::getDistance (5 bytes)
Event: 1.689 Thread 0x00000233397d91c0 nmethod 2188 0x000002332a8df890 code [0x000002332a8dfa20, 0x000002332a8dfaf8]
Event: 1.690 Thread 0x00000233397d91c0 2189       1       org.springframework.core.annotation.PackagesAnnotationFilter::matches (42 bytes)
Event: 1.691 Thread 0x00000233397d91c0 nmethod 2189 0x000002332a8dfb90 code [0x000002332a8dfd40, 0x000002332a8dfec8]
Event: 1.691 Thread 0x00000233397d91c0 2190       1       org.springframework.core.annotation.AnnotationFilter::matches (11 bytes)
Event: 1.692 Thread 0x00000233397d91c0 


GC Heap History (4 events):
Event: 0.689 GC heap before
{Heap before GC invocations=0 (full 0):
 garbage-first heap   total 258048K, used 20480K [0x0000000704c00000, 0x0000000800000000)
  region size 2048K, 11 young (22528K), 0 survivors (0K)
 Metaspace       used 6983K, committed 7168K, reserved 1114112K
  class space    used 889K, committed 960K, reserved 1048576K
}
Event: 0.694 GC heap after
{Heap after GC invocations=1 (full 0):
 garbage-first heap   total 258048K, used 8033K [0x0000000704c00000, 0x0000000800000000)
  region size 2048K, 2 young (4096K), 2 survivors (4096K)
 Metaspace       used 6983K, committed 7168K, reserved 1114112K
  class space    used 889K, committed 960K, reserved 1048576K
}
Event: 1.134 GC heap before
{Heap before GC invocations=1 (full 0):
 garbage-first heap   total 258048K, used 26465K [0x0000000704c00000, 0x0000000800000000)
  region size 2048K, 11 young (22528K), 2 survivors (4096K)
 Metaspace       used 10847K, committed 11136K, reserved 1114112K
  class space    used 1465K, committed 1600K, reserved 1048576K
}
Event: 1.139 GC heap after
{Heap after GC invocations=2 (full 0):
 garbage-first heap   total 258048K, used 9746K [0x0000000704c00000, 0x0000000800000000)
  region size 2048K, 1 young (2048K), 1 survivors (2048K)
 Metaspace       used 10847K, committed 11136K, reserved 1114112K
  class space    used 1465K, committed 1600K, reserved 1048576K
}

Deoptimization events (0 events):
No events

Classes unloaded (0 events):
No events

Classes redefined (0 events):
No events

Internal exceptions (20 events):
Event: 1.126 Thread 0x00000233212b0b40 Exception <a 'java/lang/NoSuchMethodError'{0x000000071377ec68}: 'int java.lang.invoke.DirectMethodHandle$Holder.invokeSpecialIFC(java.lang.Object, java.lang.Object, java.lang.Object, java.lang.Object)'> (0x000000071377ec68) 
thrown [s\open\src\hotspot\share\interpreter\linkResolver.cpp, line 759]
Event: 1.132 Thread 0x0000023305466fe0 Exception <a 'java/lang/reflect/InvocationTargetException'{0x00000007137909b0}> (0x00000007137909b0) 
thrown [s\open\src\hotspot\share\runtime\reflection.cpp, line 1121]
Event: 1.144 Thread 0x0000023305466fe0 Exception <a 'java/lang/NoSuchMethodError'{0x00000007147809f0}: static [Ljava/lang/StackTraceElement;.<clinit>()V> (0x00000007147809f0) 
thrown [s\open\src\hotspot\share\prims\jni.cpp, line 1112]
Event: 1.165 Thread 0x00000233212b0b40 Exception <a 'java/lang/NoSuchMethodError'{0x0000000714678fb8}: 'void java.lang.invoke.DirectMethodHandle$Holder.invokeInterface(java.lang.Object, java.lang.Object, java.lang.Object)'> (0x0000000714678fb8) 
thrown [s\open\src\hotspot\share\interpreter\linkResolver.cpp, line 759]
Event: 1.189 Thread 0x00000233212b0b40 Exception <a 'java/lang/NoSuchMethodError'{0x00000007146f6ef8}: 'java.lang.Object java.lang.invoke.DirectMethodHandle$Holder.invokeVirtual(java.lang.Object, java.lang.Object, java.lang.Object)'> (0x00000007146f6ef8) 
thrown [s\open\src\hotspot\share\interpreter\linkResolver.cpp, line 759]
Event: 1.223 Thread 0x00000233212b0b40 Exception <a 'java/lang/NoSuchMethodError'{0x00000007144da1a8}: 'void java.lang.invoke.DirectMethodHandle$Holder.invokeStatic(java.lang.Object, java.lang.Object, int)'> (0x00000007144da1a8) 
thrown [s\open\src\hotspot\share\interpreter\linkResolver.cpp, line 759]
Event: 1.228 Thread 0x00000233212b0b40 Exception <a 'java/lang/NoSuchMethodError'{0x00000007144ee770}: 'void java.lang.invoke.DirectMethodHandle$Holder.invokeStaticInit(java.lang.Object, java.lang.Object, java.lang.Object)'> (0x00000007144ee770) 
thrown [s\open\src\hotspot\share\interpreter\linkResolver.cpp, line 759]
Event: 1.259 Thread 0x00000233212b0b40 Exception <a 'java/lang/NoSuchMethodError'{0x00000007145cc4d0}: 'java.lang.Object java.lang.invoke.DirectMethodHandle$Holder.newInvokeSpecial(java.lang.Object, long)'> (0x00000007145cc4d0) 
thrown [s\open\src\hotspot\share\interpreter\linkResolver.cpp, line 759]
Event: 1.260 Thread 0x00000233212b0b40 Exception <a 'java/lang/NoSuchMethodError'{0x00000007145d3b60}: 'void java.lang.invoke.DirectMethodHandle$Holder.invokeVirtual(java.lang.Object, java.lang.Object, java.lang.Object, java.lang.Object)'> (0x00000007145d3b60) 
thrown [s\open\src\hotspot\share\interpreter\linkResolver.cpp, line 759]
Event: 1.281 Thread 0x00000233212b0b40 Exception <a 'java/lang/NoSuchMethodError'{0x000000071428dd98}: 'java.lang.Object java.lang.invoke.DirectMethodHandle$Holder.invokeSpecial(java.lang.Object, java.lang.Object, long, java.lang.Object, java.lang.Object, java.lang.Object, java.lang.Object, java.lang.Object, java.lang.Object)'> (0x000000071428dd98) 
thrown [s\open\src\hotspot\share\interpreter\linkResolver.cpp, line 759]
Event: 1.282 Thread 0x00000233212b0b40 Exception <a 'java/lang/NoSuchMethodError'{0x0000000714292618}: 'java.lang.Object java.lang.invoke.DelegatingMethodHandle$Holder.reinvoke_L(java.lang.Object, long, java.lang.Object, java.lang.Object, java.lang.Object, java.lang.Object, java.lang.Object, java.lang.Object)'> (0x0000000714292618) 
thrown [s\open\src\hotspot\share\interpreter\linkResolver.cpp, line 759]
Event: 1.283 Thread 0x00000233212b0b40 Exception <a 'java/lang/NoSuchMethodError'{0x000000071429f018}: 'java.lang.Object java.lang.invoke.Invokers$Holder.linkToTargetMethod(java.lang.Object, java.lang.Object, java.lang.Object, java.lang.Object, java.lang.Object, java.lang.Object, java.lang.Object)'> (0x000000071429f018) 
thrown [s\open\src\hotspot\share\interpreter\linkResolver.cpp, line 759]
Event: 1.390 Thread 0x00000233212b0b40 Exception <a 'java/lang/NoSuchMethodError'{0x000000071409f370}: 'java.lang.Object java.lang.invoke.DirectMethodHandle$Holder.invokeSpecial(java.lang.Object, java.lang.Object, java.lang.Object, java.lang.Object, java.lang.Object, java.lang.Object, java.lang.Object, java.lang.Object, java.lang.Object)'> (0x000000071409f370) 
thrown [s\open\src\hotspot\share\interpreter\linkResolver.cpp, line 759]
Event: 1.390 Thread 0x00000233212b0b40 Exception <a 'java/lang/NoSuchMethodError'{0x00000007140a3c98}: 'java.lang.Object java.lang.invoke.Invokers$Holder.invoke_MT(java.lang.Object, java.lang.Object, java.lang.Object, java.lang.Object, java.lang.Object, java.lang.Object, java.lang.Object, java.lang.Object, java.lang.Object)'> (0x00000007140a3c98) 
thrown [s\open\src\hotspot\share\interpreter\linkResolver.cpp, line 759]
Event: 1.416 Thread 0x00000233212b0b40 Exception <a 'java/lang/IncompatibleClassChangeError'{0x00000007141de248}: Found class java.lang.Object, but interface was expected> (0x00000007141de248) 
thrown [s\open\src\hotspot\share\interpreter\linkResolver.cpp, line 826]
Event: 1.440 Thread 0x0000023305465690 Exception <a 'java/lang/NoSuchMethodError'{0x0000000713fa6698}: 'java.lang.Object java.lang.invoke.Invokers$Holder.invoke_MT(java.lang.Object, java.lang.Object, java.lang.Object)'> (0x0000000713fa6698) 
thrown [s\open\src\hotspot\share\interpreter\linkResolver.cpp, line 759]
Event: 1.661 Thread 0x0000023305466fe0 Exception <a 'java/lang/reflect/InvocationTargetException'{0x00000007130092e0}> (0x00000007130092e0) 
thrown [s\open\src\hotspot\share\runtime\reflection.cpp, line 1121]
Event: 1.886 Thread 0x00000233212b0b40 Exception <a 'sun/nio/fs/WindowsException'{0x000000071297b298}> (0x000000071297b298) 
thrown [s\open\src\hotspot\share\prims\jni.cpp, line 516]
Event: 1.887 Thread 0x00000233212b0b40 Exception <a 'java/lang/NoSuchMethodError'{0x000000071297c910}: 'int java.lang.invoke.DirectMethodHandle$Holder.invokeSpecial(java.lang.Object, java.lang.Object, java.lang.Object, java.lang.Object, java.lang.Object)'> (0x000000071297c910) 
thrown [s\open\src\hotspot\share\interpreter\linkResolver.cpp, line 759]
Event: 1.891 Thread 0x00000233212b0b40 Exception <a 'java/lang/NoSuchMethodError'{0x00000007129855d0}: 'void java.lang.invoke.DirectMethodHandle$Holder.invokeVirtual(java.lang.Object, java.lang.Object)'> (0x00000007129855d0) 
thrown [s\open\src\hotspot\share\interpreter\linkResolver.cpp, line 759]

VM Operations (20 events):
Event: 0.587 Executing VM operation: HandshakeAllThreads
Event: 0.587 Executing VM operation: HandshakeAllThreads done
Event: 0.606 Executing VM operation: HandshakeAllThreads
Event: 0.606 Executing VM operation: HandshakeAllThreads done
Event: 0.617 Executing VM operation: HandshakeAllThreads
Event: 0.617 Executing VM operation: HandshakeAllThreads done
Event: 0.634 Executing VM operation: HandshakeAllThreads
Event: 0.634 Executing VM operation: HandshakeAllThreads done
Event: 0.689 Executing VM operation: G1CollectForAllocation
Event: 0.694 Executing VM operation: G1CollectForAllocation done
Event: 1.134 Executing VM operation: G1CollectForAllocation
Event: 1.139 Executing VM operation: G1CollectForAllocation done
Event: 1.366 Executing VM operation: HandshakeAllThreads
Event: 1.366 Executing VM operation: HandshakeAllThreads done
Event: 1.371 Executing VM operation: HandshakeAllThreads
Event: 1.371 Executing VM operation: HandshakeAllThreads done
Event: 1.767 Executing VM operation: HandshakeAllThreads
Event: 1.767 Executing VM operation: HandshakeAllThreads done
Event: 1.852 Executing VM operation: HandshakeAllThreads
Event: 1.852 Executing VM operation: HandshakeAllThreads done

Events (20 events):
Event: 1.889 loading class java/nio/file/FileTreeWalker
Event: 1.889 loading class java/nio/file/FileTreeWalker done
Event: 1.889 loading class java/nio/file/FileTreeWalker$1
Event: 1.889 loading class java/nio/file/FileTreeWalker$1 done
Event: 1.890 loading class java/nio/file/FileTreeWalker$DirectoryNode
Event: 1.890 loading class java/nio/file/FileTreeWalker$DirectoryNode done
Event: 1.890 loading class java/nio/file/FileTreeWalker$Event
Event: 1.890 loading class java/nio/file/FileTreeWalker$Event done
Event: 1.890 loading class java/nio/file/FileTreeWalker$EventType
Event: 1.890 loading class java/nio/file/FileTreeWalker$EventType done
Event: 1.895 loading class java/util/regex/Pattern$LazyLoop
Event: 1.895 loading class java/util/regex/Pattern$Loop
Event: 1.895 loading class java/util/regex/Pattern$Loop done
Event: 1.895 loading class java/util/regex/Pattern$LazyLoop done
Event: 1.895 loading class java/util/regex/Pattern$Prolog
Event: 1.895 loading class java/util/regex/Pattern$Prolog done
Event: 1.915 loading class sun/nio/ch/NativeThreadSet
Event: 1.915 loading class sun/nio/ch/NativeThreadSet done
Event: 1.915 loading class sun/nio/ch/FileDispatcherImpl
Event: 1.915 loading class sun/nio/ch/FileDispatcher


Dynamic libraries:
0x00007ff7ab750000 - 0x00007ff7ab760000 	C:\Program Files\Java\jdk-17\bin\java.exe
0x00007ffb81bc0000 - 0x00007ffb81e26000 	C:\WINDOWS\SYSTEM32\ntdll.dll
0x00007ffb801d0000 - 0x00007ffb80299000 	C:\WINDOWS\System32\KERNEL32.DLL
0x00007ffb7f050000 - 0x00007ffb7f44f000 	C:\WINDOWS\System32\KERNELBASE.dll
0x00007ffb7f6e0000 - 0x00007ffb7f82c000 	C:\WINDOWS\System32\ucrtbase.dll
0x00007ffb4b6b0000 - 0x00007ffb4b6cb000 	C:\Program Files\Java\jdk-17\bin\VCRUNTIME140.dll
0x00007ffb51230000 - 0x00007ffb51249000 	C:\Program Files\Java\jdk-17\bin\jli.dll
0x00007ffb802b0000 - 0x00007ffb8036c000 	C:\WINDOWS\System32\ADVAPI32.dll
0x00007ffb80c00000 - 0x00007ffb80ca9000 	C:\WINDOWS\System32\msvcrt.dll
0x00007ffb80550000 - 0x00007ffb805f9000 	C:\WINDOWS\System32\sechost.dll
0x00007ffb819a0000 - 0x00007ffb81ab8000 	C:\WINDOWS\System32\RPCRT4.dll
0x00007ffb80380000 - 0x00007ffb80546000 	C:\WINDOWS\System32\USER32.dll
0x00007ffb7f5f0000 - 0x00007ffb7f617000 	C:\WINDOWS\System32\win32u.dll
0x00007ffb801a0000 - 0x00007ffb801cb000 	C:\WINDOWS\System32\GDI32.dll
0x00007ffb7edd0000 - 0x00007ffb7eef9000 	C:\WINDOWS\System32\gdi32full.dll
0x00007ffb7f840000 - 0x00007ffb7f8e3000 	C:\WINDOWS\System32\msvcp_win.dll
0x00007ffb6fc90000 - 0x00007ffb6ff21000 	C:\WINDOWS\WinSxS\amd64_microsoft.windows.common-controls_6595b64144ccf1df_6.0.26100.8972_none_3e0da176e32f9d4b\COMCTL32.dll
0x00007ffb75520000 - 0x00007ffb7552b000 	C:\WINDOWS\SYSTEM32\VERSION.dll
0x00007ffb81960000 - 0x00007ffb81992000 	C:\WINDOWS\System32\IMM32.DLL
0x00007ffb5e440000 - 0x00007ffb5e44c000 	C:\Program Files\Java\jdk-17\bin\vcruntime140_1.dll
0x00007ffb15880000 - 0x00007ffb1590e000 	C:\Program Files\Java\jdk-17\bin\msvcp140.dll
0x00007ffac9170000 - 0x00007ffac9d50000 	C:\Program Files\Java\jdk-17\bin\server\jvm.dll
0x00007ffb802a0000 - 0x00007ffb802a8000 	C:\WINDOWS\System32\PSAPI.DLL
0x00007ffb6f9f0000 - 0x00007ffb6fa26000 	C:\WINDOWS\SYSTEM32\WINMM.dll
0x00007ffb5b7a0000 - 0x00007ffb5b7aa000 	C:\WINDOWS\SYSTEM32\WSOCK32.dll
0x00007ffb7fc40000 - 0x00007ffb7fcc2000 	C:\WINDOWS\System32\WS2_32.dll
0x00007ffb7da80000 - 0x00007ffb7da9b000 	C:\WINDOWS\SYSTEM32\kernel.appcore.dll
0x00007ffb547b0000 - 0x00007ffb547ba000 	C:\Program Files\Java\jdk-17\bin\jimage.dll
0x00007ffb7c1c0000 - 0x00007ffb7c402000 	C:\WINDOWS\SYSTEM32\DBGHELP.DLL
0x00007ffb80610000 - 0x00007ffb80995000 	C:\WINDOWS\System32\combase.dll
0x00007ffb800c0000 - 0x00007ffb80199000 	C:\WINDOWS\System32\OLEAUT32.dll
0x00007ffb69370000 - 0x00007ffb693ab000 	C:\WINDOWS\SYSTEM32\dbgcore.DLL
0x00007ffb7f620000 - 0x00007ffb7f6cc000 	C:\WINDOWS\System32\bcryptPrimitives.dll
0x00007ffb62f70000 - 0x00007ffb62f7e000 	C:\Program Files\Java\jdk-17\bin\instrument.dll
0x00007ffb48710000 - 0x00007ffb48735000 	C:\Program Files\Java\jdk-17\bin\java.dll
0x00007ffb0cf80000 - 0x00007ffb0d057000 	C:\Program Files\Java\jdk-17\bin\jsvml.dll
0x00007ffb80d40000 - 0x00007ffb814c8000 	C:\WINDOWS\System32\SHELL32.dll
0x00007ffb7c840000 - 0x00007ffb7d0db000 	C:\WINDOWS\SYSTEM32\windows.storage.dll
0x00007ffb7fe90000 - 0x00007ffb7ff89000 	C:\WINDOWS\System32\SHCORE.dll
0x00007ffb7f8f0000 - 0x00007ffb7f956000 	C:\WINDOWS\System32\shlwapi.dll
0x00007ffb7ecf0000 - 0x00007ffb7ed19000 	C:\WINDOWS\SYSTEM32\profapi.dll
0x00007ffb483c0000 - 0x00007ffb483d8000 	C:\Program Files\Java\jdk-17\bin\zip.dll
0x00007ffb4b3f0000 - 0x00007ffb4b409000 	C:\Program Files\Java\jdk-17\bin\net.dll
0x00007ffb79710000 - 0x00007ffb79837000 	C:\WINDOWS\SYSTEM32\WINHTTP.dll
0x00007ffb7e010000 - 0x00007ffb7e07c000 	C:\WINDOWS\system32\mswsock.dll
0x00007ffb483e0000 - 0x00007ffb483f6000 	C:\Program Files\Java\jdk-17\bin\nio.dll
0x00007ffb7d520000 - 0x00007ffb7d678000 	C:\WINDOWS\SYSTEM32\DNSAPI.dll
0x00007ffb7ddc0000 - 0x00007ffb7ddcd000 	C:\WINDOWS\SYSTEM32\DSPARSE.dll
0x00007ffb7d480000 - 0x00007ffb7d4b3000 	C:\WINDOWS\SYSTEM32\IPHLPAPI.DLL
0x00007ffb7fa10000 - 0x00007ffb7fa1a000 	C:\WINDOWS\System32\NSI.dll
0x00007ffb78510000 - 0x00007ffb7851b000 	C:\Windows\System32\rasadhlp.dll
0x00007ffb79920000 - 0x00007ffb799a6000 	C:\WINDOWS\System32\fwpuclnt.dll
0x00007ffb63d50000 - 0x00007ffb63d5a000 	C:\Program Files\Java\jdk-17\bin\management.dll
0x00007ffb63d40000 - 0x00007ffb63d4b000 	C:\Program Files\Java\jdk-17\bin\management_ext.dll
0x00007ffb7e430000 - 0x00007ffb7e44b000 	C:\WINDOWS\SYSTEM32\CRYPTSP.dll
0x00007ffb7d9e0000 - 0x00007ffb7da19000 	C:\WINDOWS\system32\rsaenh.dll
0x00007ffb7e0c0000 - 0x00007ffb7e0f2000 	C:\WINDOWS\SYSTEM32\USERENV.dll
0x00007ffb7ecc0000 - 0x00007ffb7ecea000 	C:\WINDOWS\SYSTEM32\bcrypt.dll
0x00007ffb7e270000 - 0x00007ffb7e27c000 	C:\WINDOWS\SYSTEM32\CRYPTBASE.dll
0x00007ffb798f0000 - 0x00007ffb7990d000 	C:\WINDOWS\SYSTEM32\dhcpcsvc6.DLL
0x00007ffb79840000 - 0x00007ffb79865000 	C:\WINDOWS\SYSTEM32\dhcpcsvc.DLL
0x00007ffb334a0000 - 0x00007ffb334b8000 	C:\WINDOWS\system32\napinsp.dll
0x00007ffb334f0000 - 0x00007ffb33503000 	C:\WINDOWS\System32\winrnr.dll
0x00007ffb334c0000 - 0x00007ffb334e2000 	C:\WINDOWS\system32\nlansp_c.dll
0x00007ffb4b320000 - 0x00007ffb4b336000 	C:\WINDOWS\system32\wshbth.dll
0x00007ffb702b0000 - 0x00007ffb70308000 	C:\WINDOWS\SYSTEM32\pdh.dll

dbghelp: loaded successfully - version: 4.0.5 - missing functions: none
symbol engine: initialized successfully - sym options: 0x614 - pdb path: .;C:\Program Files\Java\jdk-17\bin;C:\WINDOWS\SYSTEM32;C:\WINDOWS\WinSxS\amd64_microsoft.windows.common-controls_6595b64144ccf1df_6.0.26100.8972_none_3e0da176e32f9d4b;C:\Program Files\Java\jdk-17\bin\server

VM Arguments:
jvm_args: -XX:TieredStopAtLevel=1 -Dspring.output.ansi.enabled=always -Dcom.sun.management.jmxremote -Dspring.jmx.enabled=true -Dspring.liveBeansView.mbeanDomain -Dspring.application.admin.enabled=true -Dmanagement.endpoints.jmx.exposure.include=* -javaagent:D:\IntelliJ IDEA 2026.2.0.1\lib\idea_rt.jar=42673 -Dfile.encoding=UTF-8 
java_command: vn.edu.crs.authservice.AuthServiceApplication
java_class_path (initial): D:\crs-microservices\auth-service\auth-service\target\classes;C:\Users\ASUS\.m2\repository\org\springframework\boot\spring-boot-starter-data-jpa\4.1.0\spring-boot-starter-data-jpa-4.1.0.jar;C:\Users\ASUS\.m2\repository\org\springframework\boot\spring-boot-starter\4.1.0\spring-boot-starter-4.1.0.jar;C:\Users\ASUS\.m2\repository\org\springframework\boot\spring-boot-starter-logging\4.1.0\spring-boot-starter-logging-4.1.0.jar;C:\Users\ASUS\.m2\repository\ch\qos\logback\logback-classic\1.5.34\logback-classic-1.5.34.jar;C:\Users\ASUS\.m2\repository\ch\qos\logback\logback-core\1.5.34\logback-core-1.5.34.jar;C:\Users\ASUS\.m2\repository\org\apache\logging\log4j\log4j-to-slf4j\2.25.4\log4j-to-slf4j-2.25.4.jar;C:\Users\ASUS\.m2\repository\org\apache\logging\log4j\log4j-api\2.25.4\log4j-api-2.25.4.jar;C:\Users\ASUS\.m2\repository\org\slf4j\jul-to-slf4j\2.0.18\jul-to-slf4j-2.0.18.jar;C:\Users\ASUS\.m2\repository\org\springframework\boot\spring-boot-autoconfigure\4.1.0\spring-boot-autoconfigure-4.1.0.jar;C:\Users\ASUS\.m2\repository\jakarta\annotation\jakarta.annotation-api\3.0.0\jakarta.annotation-api-3.0.0.jar;C:\Users\ASUS\.m2\repository\org\yaml\snakeyaml\2.6\snakeyaml-2.6.jar;C:\Users\ASUS\.m2\repository\org\springframework\boot\spring-boot-starter-jdbc\4.1.0\spring-boot-starter-jdbc-4.1.0.jar;C:\Users\ASUS\.m2\repository\com\zaxxer\HikariCP\7.0.2\HikariCP-7.0.2.jar;C:\Users\ASUS\.m2\repository\org\slf4j\slf4j-api\2.0.18\slf4j-api-2.0.18.jar;C:\Users\ASUS\.m2\repository\org\springframework\boot\spring-boot-data-jpa\4.1.0\spring-boot-data-jpa-4.1.0.jar;C:\Users\ASUS\.m2\repository\org\springframework\boot\spring-boot-data-commons\4.1.0\spring-boot-data-commons-4.1.0.jar;C:\Users\ASUS\.m2\repository\org\springframework\boot\spring-boot-persistence\4.1.0\spring-boot-persistence-4.1.0.jar;C:\Users\ASUS\.m2\repository\org\springframework\data\spring-data-commons\4.1.0\spring-data-commons-4.1.0.jar;C:\Users\ASUS\.m2\repository\org\springframework\boot
Launcher Type: SUN_STANDARD

[Global flags]
     intx CICompilerCount                          = 4                                         {product} {ergonomic}
     uint ConcGCThreads                            = 2                                         {product} {ergonomic}
     uint G1ConcRefinementThreads                  = 8                                         {product} {ergonomic}
   size_t G1HeapRegionSize                         = 2097152                                   {product} {ergonomic}
    uintx GCDrainStackTargetSize                   = 64                                        {product} {ergonomic}
   size_t InitialHeapSize                          = 264241152                                 {product} {ergonomic}
     bool ManagementServer                         = true                                      {product} {command line}
   size_t MarkStackSize                            = 4194304                                   {product} {ergonomic}
   size_t MaxHeapSize                              = 4215275520                                {product} {ergonomic}
   size_t MaxNewSize                               = 2529165312                                {product} {ergonomic}
   size_t MinHeapDeltaBytes                        = 2097152                                   {product} {ergonomic}
   size_t MinHeapSize                              = 8388608                                   {product} {ergonomic}
    uintx NonProfiledCodeHeapSize                  = 0                                      {pd product} {ergonomic}
     bool ProfileInterpreter                       = false                                  {pd product} {command line}
    uintx ProfiledCodeHeapSize                     = 0                                      {pd product} {ergonomic}
   size_t SoftMaxHeapSize                          = 4215275520                             {manageable} {ergonomic}
     intx TieredStopAtLevel                        = 1                                         {product} {command line}
     bool UseCompressedClassPointers               = true                           {product lp64_product} {ergonomic}
     bool UseCompressedOops                        = true                           {product lp64_product} {ergonomic}
     bool UseG1GC                                  = true                                      {product} {ergonomic}
     bool UseLargePagesIndividualAllocation        = false                                  {pd product} {ergonomic}

Logging:
Log output configuration:
 #0: stdout all=warning uptime,level,tags
 #1: stderr all=off uptime,level,tags

Environment Variables:
JAVA_HOME=C:\Program Files\Java\jdk-17
PATH=C:\Program Files\Common Files\Oracle\Java\javapath;C:\WINDOWS\system32;C:\WINDOWS;C:\WINDOWS\System32\Wbem;C:\WINDOWS\System32\WindowsPowerShell\v1.0\;C:\WINDOWS\System32\OpenSSH\;C:\Program Files\Cloudflare\Cloudflare WARP\;C:\Program Files\dotnet\;C:\Program Files\SafeNet\Authentication\SAC\x64;C:\Program Files\SafeNet\Authentication\SAC\x32;C:\Program Files (x86)\Microsoft SQL Server\160\Tools\Binn\;C:\Program Files\Microsoft SQL Server\160\Tools\Binn\;C:\Program Files\Microsoft SQL Server\Client SDK\ODBC\170\Tools\Binn\;C:\Program Files\Microsoft SQL Server\160\DTS\Binn\;C:\Program Files\Git\cmd;C:\Program Files\nodejs\;C:\xampp\php;C:\ProgramData\ComposerSetup\bin;C:\Program Files\Microsoft SQL Server\170\Tools\Binn\;D:\Git\cmd;C:\Users\ASUS\AppData\Local\Programs\Python\Python313\Scripts\;C:\Users\ASUS\AppData\Local\Programs\Python\Python313\;C:\Users\ASUS\AppData\Local\Programs\Python\Launcher\;C:\Users\ASUS\AppData\Local\Microsoft\WindowsApps;C:\Program Files (x86)\Nmap;C:\Users\ASUS\AppData\Local\Programs\Microsoft VS Code\bin;C:\Program Files\Java\jdk-17\bin;C:\Program Files\Java\jdk-17\bin;C:\Program Files\Java\jdk-17\bin;C:\Program Files\nodejs;C:\Users\ASUS\AppData\Roaming\npm;C:\Users\ASUS\AppData\Roaming\Composer\vendor\bin;C:\Users\ASUS\.dotnet\tools;D:\IntelliJ IDEA 2026.2.0.1\bin
USERNAME=ASUS
OS=Windows_NT
PROCESSOR_IDENTIFIER=Intel64 Family 6 Model 140 Stepping 1, GenuineIntel



---------------  S Y S T E M  ---------------

OS:
 Windows 11 , 64 bit Build 26100 (10.0.26100.8972)
OS uptime: 1 days 2:24 hours
Hyper-V role detected

CPU: total 8 (initial active 8) (4 cores per cpu, 2 threads per core) family 6 model 140 stepping 1 microcode 0x9a, cx8, cmov, fxsr, ht, mmx, 3dnowpref, sse, sse2, sse3, ssse3, sse4.1, sse4.2, popcnt, lzcnt, tsc, tscinvbit, avx, avx2, aes, erms, clmul, bmi1, bmi2, adx, avx512f, avx512dq, avx512cd, avx512bw, avx512vl, sha, fma, vzeroupper, avx512_vpopcntdq, avx512_vpclmulqdq, avx512_vaes, avx512_vnni, clflush, clflushopt, clwb, avx512_vbmi2, avx512_vbmi, hv

Memory: 4k page, system-wide physical 16079M (412M free)
TotalPageFile size 23438M (AvailPageFile size 4M)
current process WorkingSet (physical memory assigned to process): 118M, peak: 120M
current process commit charge ("private bytes"): 374M, peak: 379M

vm_info: Java HotSpot(TM) 64-Bit Server VM (17.0.12+8-LTS-286) for windows-amd64 JRE (17.0.12+8-LTS-286), built on Jun  5 2024 06:46:59 by "mach5one" with MS VC++ 17.6 (VS2022)

END.
