#
# There is insufficient memory for the Java Runtime Environment to continue.
# Native memory allocation (malloc) failed to allocate 1363664 bytes for Chunk::new
# Possible reasons:
#   The system is out of physical RAM or swap space
#   The process is running with CompressedOops enabled, and the Java Heap may be blocking the growth of the native heap
# Possible solutions:
#   Reduce memory load on the system
#   Increase physical memory or swap space
#   Check if swap backing store is full
#   Decrease Java heap size (-Xmx/-Xms)
#   Decrease number of Java threads
#   Decrease Java thread stack sizes (-Xss)
#   Set larger code cache with -XX:ReservedCodeCacheSize=
#   JVM is running with Zero Based Compressed Oops mode in which the Java heap is
#     placed in the first 32GB address space. The Java Heap base address is the
#     maximum limit for the native heap growth. Please use -XX:HeapBaseMinAddress
#     to set the Java Heap base and to place the Java Heap above 32GB virtual address.
# This output file may be truncated or incomplete.
#
#  Out of Memory Error (arena.cpp:189), pid=19388, tid=25292
#
# JRE version: Java(TM) SE Runtime Environment (17.0.12+8) (build 17.0.12+8-LTS-286)
# Java VM: Java HotSpot(TM) 64-Bit Server VM (17.0.12+8-LTS-286, mixed mode, sharing, tiered, compressed oops, compressed class ptrs, g1 gc, windows-amd64)
# No core dump will be written. Minidumps are not enabled by default on client versions of Windows
#

---------------  S U M M A R Y ------------

Command Line: --enable-native-access=ALL-UNNAMED -Dclassworlds.conf=C:\Users\ASUS\.m2\wrapper\dists\apache-maven-3.9.16\0daed3be3ebd1c706f0e69e8b07c6b73f5cc4ea3dfce72a8d0ec2e849ca2ddb0\bin\m2.conf -Dmaven.home=C:\Users\ASUS\.m2\wrapper\dists\apache-maven-3.9.16\0daed3be3ebd1c706f0e69e8b07c6b73f5cc4ea3dfce72a8d0ec2e849ca2ddb0 -Dlibrary.jansi.path=C:\Users\ASUS\.m2\wrapper\dists\apache-maven-3.9.16\0daed3be3ebd1c706f0e69e8b07c6b73f5cc4ea3dfce72a8d0ec2e849ca2ddb0\lib\jansi-native -Dmaven.multiModuleProjectDirectory=D:\crs-microservices\registration-service org.codehaus.plexus.classworlds.launcher.Launcher clean compile

Host: 11th Gen Intel(R) Core(TM) i5-1135G7 @ 2.40GHz, 8 cores, 15G,  Windows 11 , 64 bit Build 26100 (10.0.26100.8972)
Time: Thu Aug 13 09:43:50 2026 SE Asia Standard Time elapsed time: 10.075028 seconds (0d 0h 0m 10s)

---------------  T H R E A D  ---------------

Current thread (0x0000026ba5c4d980):  JavaThread "C2 CompilerThread0" daemon [_thread_in_native, id=25292, stack(0x0000007787000000,0x0000007787100000)]


Current CompileTask:
C2:  10075 4511       4       org.codehaus.plexus.interpolation.reflection.ReflectionValueExtractor::evaluate (242 bytes)

Stack: [0x0000007787000000,0x0000007787100000]
Native frames: (J=compiled Java code, j=interpreted, Vv=VM code, C=native code)
V  [jvm.dll+0x67a04a]
V  [jvm.dll+0x7da4ed]
V  [jvm.dll+0x7dbe33]
V  [jvm.dll+0x7dc4a3]
V  [jvm.dll+0x24508f]
V  [jvm.dll+0xab773]
V  [jvm.dll+0xabd3c]
V  [jvm.dll+0x361bee]
V  [jvm.dll+0x32c431]
V  [jvm.dll+0x32b8ca]
V  [jvm.dll+0x21683f]
V  [jvm.dll+0x215c6f]
V  [jvm.dll+0x1a2960]
V  [jvm.dll+0x22610b]
V  [jvm.dll+0x2242ab]
V  [jvm.dll+0x79075c]
V  [jvm.dll+0x78abea]
V  [jvm.dll+0x678f35]
C  [ucrtbase.dll+0x2cd30]
C  [KERNEL32.DLL+0x2ccb7]
C  [ntdll.dll+0xaad6c]


---------------  P R O C E S S  ---------------

Threads class SMR info:
_java_thread_list=0x0000026beb9532d0, length=14, elements={
0x0000026b81019f70, 0x0000026ba5c2f780, 0x0000026ba5c30eb0, 0x0000026ba5c48d40,
0x0000026ba5c49610, 0x0000026ba5c4ab40, 0x0000026ba5c4c070, 0x0000026ba5c4d980,
0x0000026beb00b130, 0x0000026beb015b50, 0x0000026beb14e860, 0x0000026beb14ca00,
0x0000026beb14d930, 0x0000026becb8ae10
}

Java Threads: ( => current thread )
  0x0000026b81019f70 JavaThread "main" [_thread_in_native, id=14360, stack(0x0000007786300000,0x0000007786400000)]
  0x0000026ba5c2f780 JavaThread "Reference Handler" daemon [_thread_blocked, id=22768, stack(0x0000007786a00000,0x0000007786b00000)]
  0x0000026ba5c30eb0 JavaThread "Finalizer" daemon [_thread_blocked, id=22196, stack(0x0000007786b00000,0x0000007786c00000)]
  0x0000026ba5c48d40 JavaThread "Signal Dispatcher" daemon [_thread_blocked, id=24736, stack(0x0000007786c00000,0x0000007786d00000)]
  0x0000026ba5c49610 JavaThread "Attach Listener" daemon [_thread_blocked, id=9624, stack(0x0000007786d00000,0x0000007786e00000)]
  0x0000026ba5c4ab40 JavaThread "Service Thread" daemon [_thread_blocked, id=16464, stack(0x0000007786e00000,0x0000007786f00000)]
  0x0000026ba5c4c070 JavaThread "Monitor Deflation Thread" daemon [_thread_blocked, id=16460, stack(0x0000007786f00000,0x0000007787000000)]
=>0x0000026ba5c4d980 JavaThread "C2 CompilerThread0" daemon [_thread_in_native, id=25292, stack(0x0000007787000000,0x0000007787100000)]
  0x0000026beb00b130 JavaThread "C1 CompilerThread0" daemon [_thread_blocked, id=21144, stack(0x0000007787100000,0x0000007787200000)]
  0x0000026beb015b50 JavaThread "Sweeper thread" daemon [_thread_blocked, id=8392, stack(0x0000007787200000,0x0000007787300000)]
  0x0000026beb14e860 JavaThread "Notification Thread" daemon [_thread_blocked, id=24480, stack(0x0000007787300000,0x0000007787400000)]
  0x0000026beb14ca00 JavaThread "Common-Cleaner" daemon [_thread_blocked, id=4420, stack(0x0000007787500000,0x0000007787600000)]
  0x0000026beb14d930 JavaThread "Thread-1" daemon [_thread_blocked, id=9640, stack(0x0000007787c00000,0x0000007787d00000)]
  0x0000026becb8ae10 JavaThread "C2 CompilerThread1" daemon [_thread_in_native, id=8020, stack(0x0000007787b00000,0x0000007787c00000)]

Other Threads:
  0x0000026ba5c28150 VMThread "VM Thread" [stack: 0x0000007786900000,0x0000007786a00000] [id=8888]
  0x0000026b8117c6c0 WatcherThread [stack: 0x0000007787400000,0x0000007787500000] [id=9408]
  0x0000026b81162620 GCTaskThread "GC Thread#0" [stack: 0x0000007786400000,0x0000007786500000] [id=23836]
  0x0000026beb232070 GCTaskThread "GC Thread#1" [stack: 0x0000007787600000,0x0000007787700000] [id=19632]
  0x0000026bebaaebb0 GCTaskThread "GC Thread#2" [stack: 0x0000007787700000,0x0000007787800000] [id=23856]
  0x0000026bebaaee70 GCTaskThread "GC Thread#3" [stack: 0x0000007787800000,0x0000007787900000] [id=19968]
  0x0000026beb8d8d20 GCTaskThread "GC Thread#4" [stack: 0x0000007787900000,0x0000007787a00000] [id=21100]
  0x0000026beb8d8fe0 GCTaskThread "GC Thread#5" [stack: 0x0000007787a00000,0x0000007787b00000] [id=6276]
  0x0000026beba65df0 GCTaskThread "GC Thread#6" [stack: 0x0000007787d00000,0x0000007787e00000] [id=11280]
  0x0000026bec398150 GCTaskThread "GC Thread#7" [stack: 0x0000007787e00000,0x0000007787f00000] [id=12256]
  0x0000026b81173d90 ConcurrentGCThread "G1 Main Marker" [stack: 0x0000007786500000,0x0000007786600000] [id=14436]
  0x0000026b811747a0 ConcurrentGCThread "G1 Conc#0" [stack: 0x0000007786600000,0x0000007786700000] [id=21772]
  0x0000026ba5ae4940 ConcurrentGCThread "G1 Refine#0" [stack: 0x0000007786700000,0x0000007786800000] [id=20532]
  0x0000026ba5ae5370 ConcurrentGCThread "G1 Service" [stack: 0x0000007786800000,0x0000007786900000] [id=6352]

Threads with active compile tasks:
C2 CompilerThread0    10120 4511       4       org.codehaus.plexus.interpolation.reflection.ReflectionValueExtractor::evaluate (242 bytes)
C2 CompilerThread1    10120 4512   !   4       org.codehaus.plexus.interpolation.ObjectBasedValueSource::getValue (66 bytes)

VM state: not at safepoint (normal execution)

VM Mutex/Monitor currently owned by a thread: None

Heap address: 0x0000000704c00000, size: 4020 MB, Compressed Oops mode: Zero based, Oop shift amount: 3

CDS archive(s) mapped at: [0x0000026ba6000000-0x0000026ba6bd0000-0x0000026ba6bd0000), size 12386304, SharedBaseAddress: 0x0000026ba6000000, ArchiveRelocationMode: 1.
Compressed class space mapped at: 0x0000026ba7000000-0x0000026be7000000, reserved size: 1073741824
Narrow klass base: 0x0000026ba6000000, Narrow klass shift: 0, Narrow klass range: 0x100000000

GC Precious Log:
 CPUs: 8 total, 8 available
 Memory: 16079M
 Large Page Support: Disabled
 NUMA Support: Disabled
 Compressed Oops: Enabled (Zero based)
 Heap Region Size: 2M
 Heap Min Capacity: 8M
 Heap Initial Capacity: 252M
 Heap Max Capacity: 4020M
 Pre-touch: Disabled
 Parallel Workers: 8
 Concurrent Workers: 2
 Concurrent Refinement Workers: 8
 Periodic GC: Disabled

Heap:
 garbage-first heap   total 258048K, used 20982K [0x0000000704c00000, 0x0000000800000000)
  region size 2048K, 10 young (20480K), 6 survivors (12288K)
 Metaspace       used 17297K, committed 17664K, reserved 1114112K
  class space    used 2007K, committed 2176K, reserved 1048576K

Heap Regions: E=young(eden), S=young(survivor), O=old, HS=humongous(starts), HC=humongous(continues), CS=collection set, F=free, OA=open archive, CA=closed archive, TAMS=top-at-mark-start (previous, next)
|   0|0x0000000704c00000, 0x0000000704e00000, 0x0000000704e00000|100%| O|  |TAMS 0x0000000704c00000, 0x0000000704c00000| Untracked 
|   1|0x0000000704e00000, 0x0000000704f37c00, 0x0000000705000000| 60%| O|  |TAMS 0x0000000704e00000, 0x0000000704e00000| Untracked 
|   2|0x0000000705000000, 0x0000000705000000, 0x0000000705200000|  0%| F|  |TAMS 0x0000000705000000, 0x0000000705000000| Untracked 
|   3|0x0000000705200000, 0x0000000705200000, 0x0000000705400000|  0%| F|  |TAMS 0x0000000705200000, 0x0000000705200000| Untracked 
|   4|0x0000000705400000, 0x0000000705400000, 0x0000000705600000|  0%| F|  |TAMS 0x0000000705400000, 0x0000000705400000| Untracked 
|   5|0x0000000705600000, 0x0000000705600000, 0x0000000705800000|  0%| F|  |TAMS 0x0000000705600000, 0x0000000705600000| Untracked 
|   6|0x0000000705800000, 0x0000000705800000, 0x0000000705a00000|  0%| F|  |TAMS 0x0000000705800000, 0x0000000705800000| Untracked 
|   7|0x0000000705a00000, 0x0000000705a00000, 0x0000000705c00000|  0%| F|  |TAMS 0x0000000705a00000, 0x0000000705a00000| Untracked 
|   8|0x0000000705c00000, 0x0000000705c00000, 0x0000000705e00000|  0%| F|  |TAMS 0x0000000705c00000, 0x0000000705c00000| Untracked 
|   9|0x0000000705e00000, 0x0000000705e00000, 0x0000000706000000|  0%| F|  |TAMS 0x0000000705e00000, 0x0000000705e00000| Untracked 
|  10|0x0000000706000000, 0x0000000706000000, 0x0000000706200000|  0%| F|  |TAMS 0x0000000706000000, 0x0000000706000000| Untracked 
|  11|0x0000000706200000, 0x0000000706200000, 0x0000000706400000|  0%| F|  |TAMS 0x0000000706200000, 0x0000000706200000| Untracked 
|  12|0x0000000706400000, 0x0000000706400000, 0x0000000706600000|  0%| F|  |TAMS 0x0000000706400000, 0x0000000706400000| Untracked 
|  13|0x0000000706600000, 0x0000000706600000, 0x0000000706800000|  0%| F|  |TAMS 0x0000000706600000, 0x0000000706600000| Untracked 
|  14|0x0000000706800000, 0x0000000706800000, 0x0000000706a00000|  0%| F|  |TAMS 0x0000000706800000, 0x0000000706800000| Untracked 
|  15|0x0000000706a00000, 0x0000000706a00000, 0x0000000706c00000|  0%| F|  |TAMS 0x0000000706a00000, 0x0000000706a00000| Untracked 
|  16|0x0000000706c00000, 0x0000000706c00000, 0x0000000706e00000|  0%| F|  |TAMS 0x0000000706c00000, 0x0000000706c00000| Untracked 
|  17|0x0000000706e00000, 0x0000000706e00000, 0x0000000707000000|  0%| F|  |TAMS 0x0000000706e00000, 0x0000000706e00000| Untracked 
|  18|0x0000000707000000, 0x0000000707000000, 0x0000000707200000|  0%| F|  |TAMS 0x0000000707000000, 0x0000000707000000| Untracked 
|  19|0x0000000707200000, 0x0000000707200000, 0x0000000707400000|  0%| F|  |TAMS 0x0000000707200000, 0x0000000707200000| Untracked 
|  20|0x0000000707400000, 0x0000000707400000, 0x0000000707600000|  0%| F|  |TAMS 0x0000000707400000, 0x0000000707400000| Untracked 
|  21|0x0000000707600000, 0x0000000707600000, 0x0000000707800000|  0%| F|  |TAMS 0x0000000707600000, 0x0000000707600000| Untracked 
|  22|0x0000000707800000, 0x0000000707800000, 0x0000000707a00000|  0%| F|  |TAMS 0x0000000707800000, 0x0000000707800000| Untracked 
|  23|0x0000000707a00000, 0x0000000707a00000, 0x0000000707c00000|  0%| F|  |TAMS 0x0000000707a00000, 0x0000000707a00000| Untracked 
|  24|0x0000000707c00000, 0x0000000707c00000, 0x0000000707e00000|  0%| F|  |TAMS 0x0000000707c00000, 0x0000000707c00000| Untracked 
|  25|0x0000000707e00000, 0x0000000707e00000, 0x0000000708000000|  0%| F|  |TAMS 0x0000000707e00000, 0x0000000707e00000| Untracked 
|  26|0x0000000708000000, 0x0000000708000000, 0x0000000708200000|  0%| F|  |TAMS 0x0000000708000000, 0x0000000708000000| Untracked 
|  27|0x0000000708200000, 0x0000000708200000, 0x0000000708400000|  0%| F|  |TAMS 0x0000000708200000, 0x0000000708200000| Untracked 
|  28|0x0000000708400000, 0x0000000708400000, 0x0000000708600000|  0%| F|  |TAMS 0x0000000708400000, 0x0000000708400000| Untracked 
|  29|0x0000000708600000, 0x0000000708600000, 0x0000000708800000|  0%| F|  |TAMS 0x0000000708600000, 0x0000000708600000| Untracked 
|  30|0x0000000708800000, 0x0000000708800000, 0x0000000708a00000|  0%| F|  |TAMS 0x0000000708800000, 0x0000000708800000| Untracked 
|  31|0x0000000708a00000, 0x0000000708a00000, 0x0000000708c00000|  0%| F|  |TAMS 0x0000000708a00000, 0x0000000708a00000| Untracked 
|  32|0x0000000708c00000, 0x0000000708c00000, 0x0000000708e00000|  0%| F|  |TAMS 0x0000000708c00000, 0x0000000708c00000| Untracked 
|  33|0x0000000708e00000, 0x0000000708e00000, 0x0000000709000000|  0%| F|  |TAMS 0x0000000708e00000, 0x0000000708e00000| Untracked 
|  34|0x0000000709000000, 0x0000000709000000, 0x0000000709200000|  0%| F|  |TAMS 0x0000000709000000, 0x0000000709000000| Untracked 
|  35|0x0000000709200000, 0x0000000709200000, 0x0000000709400000|  0%| F|  |TAMS 0x0000000709200000, 0x0000000709200000| Untracked 
|  36|0x0000000709400000, 0x0000000709400000, 0x0000000709600000|  0%| F|  |TAMS 0x0000000709400000, 0x0000000709400000| Untracked 
|  37|0x0000000709600000, 0x0000000709600000, 0x0000000709800000|  0%| F|  |TAMS 0x0000000709600000, 0x0000000709600000| Untracked 
|  38|0x0000000709800000, 0x0000000709800000, 0x0000000709a00000|  0%| F|  |TAMS 0x0000000709800000, 0x0000000709800000| Untracked 
|  39|0x0000000709a00000, 0x0000000709a00000, 0x0000000709c00000|  0%| F|  |TAMS 0x0000000709a00000, 0x0000000709a00000| Untracked 
|  40|0x0000000709c00000, 0x0000000709c00000, 0x0000000709e00000|  0%| F|  |TAMS 0x0000000709c00000, 0x0000000709c00000| Untracked 
|  41|0x0000000709e00000, 0x0000000709e00000, 0x000000070a000000|  0%| F|  |TAMS 0x0000000709e00000, 0x0000000709e00000| Untracked 
|  42|0x000000070a000000, 0x000000070a000000, 0x000000070a200000|  0%| F|  |TAMS 0x000000070a000000, 0x000000070a000000| Untracked 
|  43|0x000000070a200000, 0x000000070a200000, 0x000000070a400000|  0%| F|  |TAMS 0x000000070a200000, 0x000000070a200000| Untracked 
|  44|0x000000070a400000, 0x000000070a400000, 0x000000070a600000|  0%| F|  |TAMS 0x000000070a400000, 0x000000070a400000| Untracked 
|  45|0x000000070a600000, 0x000000070a745e90, 0x000000070a800000| 63%| S|CS|TAMS 0x000000070a600000, 0x000000070a600000| Complete 
|  46|0x000000070a800000, 0x000000070aa00000, 0x000000070aa00000|100%| S|CS|TAMS 0x000000070a800000, 0x000000070a800000| Complete 
|  47|0x000000070aa00000, 0x000000070ac00000, 0x000000070ac00000|100%| S|CS|TAMS 0x000000070aa00000, 0x000000070aa00000| Complete 
|  48|0x000000070ac00000, 0x000000070ae00000, 0x000000070ae00000|100%| S|CS|TAMS 0x000000070ac00000, 0x000000070ac00000| Complete 
|  49|0x000000070ae00000, 0x000000070b000000, 0x000000070b000000|100%| S|CS|TAMS 0x000000070ae00000, 0x000000070ae00000| Complete 
|  50|0x000000070b000000, 0x000000070b200000, 0x000000070b200000|100%| S|CS|TAMS 0x000000070b000000, 0x000000070b000000| Complete 
|  51|0x000000070b200000, 0x000000070b200000, 0x000000070b400000|  0%| F|  |TAMS 0x000000070b200000, 0x000000070b200000| Untracked 
|  52|0x000000070b400000, 0x000000070b400000, 0x000000070b600000|  0%| F|  |TAMS 0x000000070b400000, 0x000000070b400000| Untracked 
|  53|0x000000070b600000, 0x000000070b600000, 0x000000070b800000|  0%| F|  |TAMS 0x000000070b600000, 0x000000070b600000| Untracked 
|  54|0x000000070b800000, 0x000000070b800000, 0x000000070ba00000|  0%| F|  |TAMS 0x000000070b800000, 0x000000070b800000| Untracked 
|  55|0x000000070ba00000, 0x000000070ba00000, 0x000000070bc00000|  0%| F|  |TAMS 0x000000070ba00000, 0x000000070ba00000| Untracked 
|  56|0x000000070bc00000, 0x000000070bc00000, 0x000000070be00000|  0%| F|  |TAMS 0x000000070bc00000, 0x000000070bc00000| Untracked 
|  57|0x000000070be00000, 0x000000070be00000, 0x000000070c000000|  0%| F|  |TAMS 0x000000070be00000, 0x000000070be00000| Untracked 
|  58|0x000000070c000000, 0x000000070c000000, 0x000000070c200000|  0%| F|  |TAMS 0x000000070c000000, 0x000000070c000000| Untracked 
|  59|0x000000070c200000, 0x000000070c200000, 0x000000070c400000|  0%| F|  |TAMS 0x000000070c200000, 0x000000070c200000| Untracked 
|  60|0x000000070c400000, 0x000000070c400000, 0x000000070c600000|  0%| F|  |TAMS 0x000000070c400000, 0x000000070c400000| Untracked 
|  61|0x000000070c600000, 0x000000070c600000, 0x000000070c800000|  0%| F|  |TAMS 0x000000070c600000, 0x000000070c600000| Untracked 
|  62|0x000000070c800000, 0x000000070c800000, 0x000000070ca00000|  0%| F|  |TAMS 0x000000070c800000, 0x000000070c800000| Untracked 
|  63|0x000000070ca00000, 0x000000070ca00000, 0x000000070cc00000|  0%| F|  |TAMS 0x000000070ca00000, 0x000000070ca00000| Untracked 
|  64|0x000000070cc00000, 0x000000070cc00000, 0x000000070ce00000|  0%| F|  |TAMS 0x000000070cc00000, 0x000000070cc00000| Untracked 
|  65|0x000000070ce00000, 0x000000070ce00000, 0x000000070d000000|  0%| F|  |TAMS 0x000000070ce00000, 0x000000070ce00000| Untracked 
|  66|0x000000070d000000, 0x000000070d000000, 0x000000070d200000|  0%| F|  |TAMS 0x000000070d000000, 0x000000070d000000| Untracked 
|  67|0x000000070d200000, 0x000000070d200000, 0x000000070d400000|  0%| F|  |TAMS 0x000000070d200000, 0x000000070d200000| Untracked 
|  68|0x000000070d400000, 0x000000070d400000, 0x000000070d600000|  0%| F|  |TAMS 0x000000070d400000, 0x000000070d400000| Untracked 
|  69|0x000000070d600000, 0x000000070d600000, 0x000000070d800000|  0%| F|  |TAMS 0x000000070d600000, 0x000000070d600000| Untracked 
|  70|0x000000070d800000, 0x000000070d800000, 0x000000070da00000|  0%| F|  |TAMS 0x000000070d800000, 0x000000070d800000| Untracked 
|  71|0x000000070da00000, 0x000000070da00000, 0x000000070dc00000|  0%| F|  |TAMS 0x000000070da00000, 0x000000070da00000| Untracked 
|  72|0x000000070dc00000, 0x000000070dc00000, 0x000000070de00000|  0%| F|  |TAMS 0x000000070dc00000, 0x000000070dc00000| Untracked 
|  73|0x000000070de00000, 0x000000070de00000, 0x000000070e000000|  0%| F|  |TAMS 0x000000070de00000, 0x000000070de00000| Untracked 
|  74|0x000000070e000000, 0x000000070e000000, 0x000000070e200000|  0%| F|  |TAMS 0x000000070e000000, 0x000000070e000000| Untracked 
|  75|0x000000070e200000, 0x000000070e200000, 0x000000070e400000|  0%| F|  |TAMS 0x000000070e200000, 0x000000070e200000| Untracked 
|  76|0x000000070e400000, 0x000000070e400000, 0x000000070e600000|  0%| F|  |TAMS 0x000000070e400000, 0x000000070e400000| Untracked 
|  77|0x000000070e600000, 0x000000070e600000, 0x000000070e800000|  0%| F|  |TAMS 0x000000070e600000, 0x000000070e600000| Untracked 
|  78|0x000000070e800000, 0x000000070e800000, 0x000000070ea00000|  0%| F|  |TAMS 0x000000070e800000, 0x000000070e800000| Untracked 
|  79|0x000000070ea00000, 0x000000070ea00000, 0x000000070ec00000|  0%| F|  |TAMS 0x000000070ea00000, 0x000000070ea00000| Untracked 
|  80|0x000000070ec00000, 0x000000070ec00000, 0x000000070ee00000|  0%| F|  |TAMS 0x000000070ec00000, 0x000000070ec00000| Untracked 
|  81|0x000000070ee00000, 0x000000070ee00000, 0x000000070f000000|  0%| F|  |TAMS 0x000000070ee00000, 0x000000070ee00000| Untracked 
|  82|0x000000070f000000, 0x000000070f000000, 0x000000070f200000|  0%| F|  |TAMS 0x000000070f000000, 0x000000070f000000| Untracked 
|  83|0x000000070f200000, 0x000000070f200000, 0x000000070f400000|  0%| F|  |TAMS 0x000000070f200000, 0x000000070f200000| Untracked 
|  84|0x000000070f400000, 0x000000070f400000, 0x000000070f600000|  0%| F|  |TAMS 0x000000070f400000, 0x000000070f400000| Untracked 
|  85|0x000000070f600000, 0x000000070f600000, 0x000000070f800000|  0%| F|  |TAMS 0x000000070f600000, 0x000000070f600000| Untracked 
|  86|0x000000070f800000, 0x000000070f800000, 0x000000070fa00000|  0%| F|  |TAMS 0x000000070f800000, 0x000000070f800000| Untracked 
|  87|0x000000070fa00000, 0x000000070fa00000, 0x000000070fc00000|  0%| F|  |TAMS 0x000000070fa00000, 0x000000070fa00000| Untracked 
|  88|0x000000070fc00000, 0x000000070fc00000, 0x000000070fe00000|  0%| F|  |TAMS 0x000000070fc00000, 0x000000070fc00000| Untracked 
|  89|0x000000070fe00000, 0x000000070fe00000, 0x0000000710000000|  0%| F|  |TAMS 0x000000070fe00000, 0x000000070fe00000| Untracked 
|  90|0x0000000710000000, 0x0000000710000000, 0x0000000710200000|  0%| F|  |TAMS 0x0000000710000000, 0x0000000710000000| Untracked 
|  91|0x0000000710200000, 0x0000000710200000, 0x0000000710400000|  0%| F|  |TAMS 0x0000000710200000, 0x0000000710200000| Untracked 
|  92|0x0000000710400000, 0x0000000710400000, 0x0000000710600000|  0%| F|  |TAMS 0x0000000710400000, 0x0000000710400000| Untracked 
|  93|0x0000000710600000, 0x0000000710600000, 0x0000000710800000|  0%| F|  |TAMS 0x0000000710600000, 0x0000000710600000| Untracked 
|  94|0x0000000710800000, 0x0000000710800000, 0x0000000710a00000|  0%| F|  |TAMS 0x0000000710800000, 0x0000000710800000| Untracked 
|  95|0x0000000710a00000, 0x0000000710a00000, 0x0000000710c00000|  0%| F|  |TAMS 0x0000000710a00000, 0x0000000710a00000| Untracked 
|  96|0x0000000710c00000, 0x0000000710c00000, 0x0000000710e00000|  0%| F|  |TAMS 0x0000000710c00000, 0x0000000710c00000| Untracked 
|  97|0x0000000710e00000, 0x0000000710e00000, 0x0000000711000000|  0%| F|  |TAMS 0x0000000710e00000, 0x0000000710e00000| Untracked 
|  98|0x0000000711000000, 0x0000000711000000, 0x0000000711200000|  0%| F|  |TAMS 0x0000000711000000, 0x0000000711000000| Untracked 
|  99|0x0000000711200000, 0x0000000711200000, 0x0000000711400000|  0%| F|  |TAMS 0x0000000711200000, 0x0000000711200000| Untracked 
| 100|0x0000000711400000, 0x0000000711400000, 0x0000000711600000|  0%| F|  |TAMS 0x0000000711400000, 0x0000000711400000| Untracked 
| 101|0x0000000711600000, 0x0000000711600000, 0x0000000711800000|  0%| F|  |TAMS 0x0000000711600000, 0x0000000711600000| Untracked 
| 102|0x0000000711800000, 0x0000000711800000, 0x0000000711a00000|  0%| F|  |TAMS 0x0000000711800000, 0x0000000711800000| Untracked 
| 103|0x0000000711a00000, 0x0000000711a00000, 0x0000000711c00000|  0%| F|  |TAMS 0x0000000711a00000, 0x0000000711a00000| Untracked 
| 104|0x0000000711c00000, 0x0000000711c00000, 0x0000000711e00000|  0%| F|  |TAMS 0x0000000711c00000, 0x0000000711c00000| Untracked 
| 105|0x0000000711e00000, 0x0000000711e00000, 0x0000000712000000|  0%| F|  |TAMS 0x0000000711e00000, 0x0000000711e00000| Untracked 
| 106|0x0000000712000000, 0x0000000712000000, 0x0000000712200000|  0%| F|  |TAMS 0x0000000712000000, 0x0000000712000000| Untracked 
| 107|0x0000000712200000, 0x0000000712200000, 0x0000000712400000|  0%| F|  |TAMS 0x0000000712200000, 0x0000000712200000| Untracked 
| 108|0x0000000712400000, 0x0000000712400000, 0x0000000712600000|  0%| F|  |TAMS 0x0000000712400000, 0x0000000712400000| Untracked 
| 109|0x0000000712600000, 0x0000000712600000, 0x0000000712800000|  0%| F|  |TAMS 0x0000000712600000, 0x0000000712600000| Untracked 
| 110|0x0000000712800000, 0x0000000712800000, 0x0000000712a00000|  0%| F|  |TAMS 0x0000000712800000, 0x0000000712800000| Untracked 
| 111|0x0000000712a00000, 0x0000000712a00000, 0x0000000712c00000|  0%| F|  |TAMS 0x0000000712a00000, 0x0000000712a00000| Untracked 
| 112|0x0000000712c00000, 0x0000000712c00000, 0x0000000712e00000|  0%| F|  |TAMS 0x0000000712c00000, 0x0000000712c00000| Untracked 
| 113|0x0000000712e00000, 0x0000000712e00000, 0x0000000713000000|  0%| F|  |TAMS 0x0000000712e00000, 0x0000000712e00000| Untracked 
| 114|0x0000000713000000, 0x0000000713000000, 0x0000000713200000|  0%| F|  |TAMS 0x0000000713000000, 0x0000000713000000| Untracked 
| 115|0x0000000713200000, 0x0000000713200000, 0x0000000713400000|  0%| F|  |TAMS 0x0000000713200000, 0x0000000713200000| Untracked 
| 116|0x0000000713400000, 0x0000000713400000, 0x0000000713600000|  0%| F|  |TAMS 0x0000000713400000, 0x0000000713400000| Untracked 
| 117|0x0000000713600000, 0x0000000713600000, 0x0000000713800000|  0%| F|  |TAMS 0x0000000713600000, 0x0000000713600000| Untracked 
| 118|0x0000000713800000, 0x0000000713800000, 0x0000000713a00000|  0%| F|  |TAMS 0x0000000713800000, 0x0000000713800000| Untracked 
| 119|0x0000000713a00000, 0x0000000713a00000, 0x0000000713c00000|  0%| F|  |TAMS 0x0000000713a00000, 0x0000000713a00000| Untracked 
| 120|0x0000000713c00000, 0x0000000713c00000, 0x0000000713e00000|  0%| F|  |TAMS 0x0000000713c00000, 0x0000000713c00000| Untracked 
| 121|0x0000000713e00000, 0x0000000713e00000, 0x0000000714000000|  0%| F|  |TAMS 0x0000000713e00000, 0x0000000713e00000| Untracked 
| 122|0x0000000714000000, 0x0000000714200000, 0x0000000714200000|100%| E|  |TAMS 0x0000000714000000, 0x0000000714000000| Complete 
| 123|0x0000000714200000, 0x0000000714400000, 0x0000000714400000|100%| E|CS|TAMS 0x0000000714200000, 0x0000000714200000| Complete 
| 124|0x0000000714400000, 0x0000000714600000, 0x0000000714600000|100%| E|CS|TAMS 0x0000000714400000, 0x0000000714400000| Complete 
| 125|0x0000000714600000, 0x0000000714800000, 0x0000000714800000|100%| E|CS|TAMS 0x0000000714600000, 0x0000000714600000| Complete 

Card table byte_map: [0x0000026b9a3e0000,0x0000026b9abc0000] _byte_map_base: 0x0000026b96bba000

Marking Bits (Prev, Next): (CMBitMap*) 0x0000026b81162c40, (CMBitMap*) 0x0000026b81162c80
 Prev Bits: [0x0000026b9b3a0000, 0x0000026b9f270000)
 Next Bits: [0x0000026b9f270000, 0x0000026ba3140000)

Polling page: 0x0000026b811c0000

Metaspace:

Usage:
  Non-class:     14.94 MB used.
      Class:      1.96 MB used.
       Both:     16.90 MB used.

Virtual space:
  Non-class space:       64.00 MB reserved,      15.12 MB ( 24%) committed,  1 nodes.
      Class space:        1.00 GB reserved,       2.12 MB ( <1%) committed,  1 nodes.
             Both:        1.06 GB reserved,      17.25 MB (  2%) committed. 

Chunk freelists:
   Non-Class:  656.00 KB
       Class:  13.79 MB
        Both:  14.43 MB

MaxMetaspaceSize: unlimited
CompressedClassSpaceSize: 1.00 GB
Initial GC threshold: 21.00 MB
Current GC threshold: 21.00 MB
CDS: on
MetaspaceReclaimPolicy: balanced
 - commit_granule_bytes: 65536.
 - commit_granule_words: 8192.
 - virtual_space_node_default_size: 8388608.
 - enlarge_chunks_in_place: 1.
 - new_chunks_are_fully_committed: 0.
 - uncommit_free_chunks: 1.
 - use_allocation_guard: 0.
 - handle_deallocations: 1.


Internal statistics:

num_allocs_failed_limit: 0.
num_arena_births: 128.
num_arena_deaths: 0.
num_vsnodes_births: 2.
num_vsnodes_deaths: 0.
num_space_committed: 276.
num_space_uncommitted: 0.
num_chunks_returned_to_freelist: 0.
num_chunks_taken_from_freelist: 772.
num_chunk_merges: 0.
num_chunk_splits: 511.
num_chunks_enlarged: 386.
num_inconsistent_stats: 0.

CodeHeap 'non-profiled nmethods': size=120000Kb used=2476Kb max_used=2476Kb free=117524Kb
 bounds [0x0000026b91c70000, 0x0000026b91ee0000, 0x0000026b991a0000]
CodeHeap 'profiled nmethods': size=120000Kb used=10268Kb max_used=10268Kb free=109731Kb
 bounds [0x0000026b8a1a0000, 0x0000026b8abb0000, 0x0000026b916d0000]
CodeHeap 'non-nmethods': size=5760Kb used=1200Kb max_used=1253Kb free=4559Kb
 bounds [0x0000026b916d0000, 0x0000026b91940000, 0x0000026b91c70000]
 total_blobs=5078 nmethods=4595 adapters=395
 compilation: enabled
              stopped_count=0, restarted_count=0
 full_count=0

Compilation events (20 events):
Event: 10.025 Thread 0x0000026beb00b130 4584       3       java.io.InputStream::readNBytes (53 bytes)
Event: 10.025 Thread 0x0000026beb00b130 nmethod 4584 0x0000026b8ab95e90 code [0x0000026b8ab96060, 0x0000026b8ab96518]
Event: 10.032 Thread 0x0000026beb00b130 4585       3       java.io.OutputStream::<init> (5 bytes)
Event: 10.032 Thread 0x0000026beb00b130 nmethod 4585 0x0000026b8ab96710 code [0x0000026b8ab968a0, 0x0000026b8ab969f8]
Event: 10.035 Thread 0x0000026beb00b130 4586       3       java.util.WeakHashMap::isEmpty (13 bytes)
Event: 10.036 Thread 0x0000026beb00b130 nmethod 4586 0x0000026b8ab96a90 code [0x0000026b8ab96c40, 0x0000026b8ab96f08]
Event: 10.036 Thread 0x0000026beb00b130 4587       3       java.util.WeakHashMap::size (18 bytes)
Event: 10.036 Thread 0x0000026beb00b130 nmethod 4587 0x0000026b8ab97010 code [0x0000026b8ab971c0, 0x0000026b8ab97388]
Event: 10.054 Thread 0x0000026beb00b130 4588       3       java.io.ByteArrayOutputStream::<init> (7 bytes)
Event: 10.054 Thread 0x0000026beb00b130 nmethod 4588 0x0000026b8ab97410 code [0x0000026b8ab975a0, 0x0000026b8ab976e8]
Event: 10.054 Thread 0x0000026beb00b130 4590       3       java.lang.StringBuilder::append (9 bytes)
Event: 10.055 Thread 0x0000026beb00b130 nmethod 4590 0x0000026b8ab97790 code [0x0000026b8ab97960, 0x0000026b8ab97c98]
Event: 10.055 Thread 0x0000026beb00b130 4589       3       java.io.ByteArrayOutputStream::<init> (43 bytes)
Event: 10.056 Thread 0x0000026beb00b130 nmethod 4589 0x0000026b8ab97e10 code [0x0000026b8ab98060, 0x0000026b8ab98898]
Event: 10.060 Thread 0x0000026beb00b130 4591  s    3       sun.net.www.protocol.file.Handler::openConnection (7 bytes)
Event: 10.061 Thread 0x0000026beb00b130 nmethod 4591 0x0000026b8ab98b90 code [0x0000026b8ab98d40, 0x0000026b8ab98f48]
Event: 10.061 Thread 0x0000026beb00b130 4592  s!   3       sun.net.www.protocol.file.Handler::openConnection (271 bytes)
Event: 10.065 Thread 0x0000026beb00b130 nmethod 4592 0x0000026b8ab99010 code [0x0000026b8ab99580, 0x0000026b8ab9bb98]
Event: 10.065 Thread 0x0000026beb00b130 4593       3       sun.net.www.MessageHeader::<init> (9 bytes)
Event: 10.066 Thread 0x0000026beb00b130 nmethod 4593 0x0000026b8ab9cb10 code [0x0000026b8ab9ccc0, 0x0000026b8ab9ce48]

GC Heap History (6 events):
Event: 1.771 GC heap before
{Heap before GC invocations=0 (full 0):
 garbage-first heap   total 258048K, used 22528K [0x0000000704c00000, 0x0000000800000000)
  region size 2048K, 11 young (22528K), 0 survivors (0K)
 Metaspace       used 4651K, committed 4800K, reserved 1114112K
  class space    used 548K, committed 640K, reserved 1048576K
}
Event: 1.777 GC heap after
{Heap after GC invocations=1 (full 0):
 garbage-first heap   total 258048K, used 3413K [0x0000000704c00000, 0x0000000800000000)
  region size 2048K, 2 young (4096K), 2 survivors (4096K)
 Metaspace       used 4651K, committed 4800K, reserved 1114112K
  class space    used 548K, committed 640K, reserved 1048576K
}
Event: 2.955 GC heap before
{Heap before GC invocations=1 (full 0):
 garbage-first heap   total 258048K, used 34133K [0x0000000704c00000, 0x0000000800000000)
  region size 2048K, 17 young (34816K), 2 survivors (4096K)
 Metaspace       used 7126K, committed 7296K, reserved 1114112K
  class space    used 858K, committed 960K, reserved 1048576K
}
Event: 2.963 GC heap after
{Heap after GC invocations=2 (full 0):
 garbage-first heap   total 258048K, used 4521K [0x0000000704c00000, 0x0000000800000000)
  region size 2048K, 1 young (2048K), 1 survivors (2048K)
 Metaspace       used 7126K, committed 7296K, reserved 1114112K
  class space    used 858K, committed 960K, reserved 1048576K
}
Event: 9.779 GC heap before
{Heap before GC invocations=2 (full 0):
 garbage-first heap   total 258048K, used 156073K [0x0000000704c00000, 0x0000000800000000)
  region size 2048K, 75 young (153600K), 1 survivors (2048K)
 Metaspace       used 17116K, committed 17472K, reserved 1114112K
  class space    used 1998K, committed 2176K, reserved 1048576K
}
Event: 9.800 GC heap after
{Heap after GC invocations=3 (full 0):
 garbage-first heap   total 258048K, used 14838K [0x0000000704c00000, 0x0000000800000000)
  region size 2048K, 6 young (12288K), 6 survivors (12288K)
 Metaspace       used 17116K, committed 17472K, reserved 1114112K
  class space    used 1998K, committed 2176K, reserved 1048576K
}

Deoptimization events (20 events):
Event: 9.516 Thread 0x0000026b81019f70 Uncommon trap: trap_request=0xffffffc6 fr.pc=0x0000026b91e973b8 relative=0x0000000000000118
Event: 9.516 Thread 0x0000026b81019f70 Uncommon trap: reason=bimorphic_or_optimized_type_check action=maybe_recompile pc=0x0000026b91e973b8 method=java.util.Collections$UnmodifiableCollection.contains(Ljava/lang/Object;)Z @ 5 c2
Event: 9.516 Thread 0x0000026b81019f70 DEOPT PACKING pc=0x0000026b91e973b8 sp=0x00000077863fd2e0
Event: 9.516 Thread 0x0000026b81019f70 DEOPT UNPACKING pc=0x0000026b91725ba3 sp=0x00000077863fd288 mode 2
Event: 9.516 Thread 0x0000026b81019f70 Uncommon trap: trap_request=0xffffffc6 fr.pc=0x0000026b91e973b8 relative=0x0000000000000118
Event: 9.516 Thread 0x0000026b81019f70 Uncommon trap: reason=bimorphic_or_optimized_type_check action=maybe_recompile pc=0x0000026b91e973b8 method=java.util.Collections$UnmodifiableCollection.contains(Ljava/lang/Object;)Z @ 5 c2
Event: 9.516 Thread 0x0000026b81019f70 DEOPT PACKING pc=0x0000026b91e973b8 sp=0x00000077863fd2e0
Event: 9.516 Thread 0x0000026b81019f70 DEOPT UNPACKING pc=0x0000026b91725ba3 sp=0x00000077863fd288 mode 2
Event: 9.523 Thread 0x0000026b81019f70 Uncommon trap: trap_request=0xffffff45 fr.pc=0x0000026b91ca8500 relative=0x0000000000000060
Event: 9.523 Thread 0x0000026b81019f70 Uncommon trap: reason=unstable_if action=reinterpret pc=0x0000026b91ca8500 method=sun.net.www.ParseUtil.firstEncodeIndex(Ljava/lang/String;)I @ 51 c2
Event: 9.523 Thread 0x0000026b81019f70 DEOPT PACKING pc=0x0000026b91ca8500 sp=0x00000077863fcb30
Event: 9.523 Thread 0x0000026b81019f70 DEOPT UNPACKING pc=0x0000026b91725ba3 sp=0x00000077863fcac0 mode 2
Event: 9.895 Thread 0x0000026b81019f70 Uncommon trap: trap_request=0xffffffde fr.pc=0x0000026b91cc0610 relative=0x0000000000000ef0
Event: 9.895 Thread 0x0000026b81019f70 Uncommon trap: reason=class_check action=maybe_recompile pc=0x0000026b91cc0610 method=java.util.concurrent.ConcurrentHashMap.putVal(Ljava/lang/Object;Ljava/lang/Object;Z)Ljava/lang/Object; @ 242 c2
Event: 9.895 Thread 0x0000026b81019f70 DEOPT PACKING pc=0x0000026b91cc0610 sp=0x00000077863fc630
Event: 9.895 Thread 0x0000026b81019f70 DEOPT UNPACKING pc=0x0000026b91725ba3 sp=0x00000077863fc5a0 mode 2
Event: 9.999 Thread 0x0000026b81019f70 Uncommon trap: trap_request=0xffffff6e fr.pc=0x0000026b91c936e0 relative=0x0000000000000160
Event: 9.999 Thread 0x0000026b81019f70 Uncommon trap: reason=loop_limit_check action=maybe_recompile pc=0x0000026b91c936e0 method=java.lang.StringLatin1.lastIndexOf([BII)I @ 19 c2
Event: 9.999 Thread 0x0000026b81019f70 DEOPT PACKING pc=0x0000026b91c936e0 sp=0x00000077863fcdc0
Event: 9.999 Thread 0x0000026b81019f70 DEOPT UNPACKING pc=0x0000026b91725ba3 sp=0x00000077863fcd40 mode 2

Classes unloaded (0 events):
No events

Classes redefined (0 events):
No events

Internal exceptions (20 events):
Event: 5.062 Thread 0x0000026b81019f70 Exception <a 'java/lang/NoSuchMethodError'{0x00000007116035f8}: 'void java.lang.invoke.DirectMethodHandle$Holder.invokeSpecial(java.lang.Object, java.lang.Object, java.lang.Object, java.lang.Object, java.lang.Object)'> (0x00000007116035f8) 
thrown [s\open\src\hotspot\share\interpreter\linkResolver.cpp, line 759]
Event: 5.068 Thread 0x0000026b81019f70 Exception <a 'java/lang/NoSuchMethodError'{0x0000000711620c80}: 'void java.lang.invoke.DirectMethodHandle$Holder.invokeSpecial(java.lang.Object, java.lang.Object, java.lang.Object, java.lang.Object, java.lang.Object, java.lang.Object)'> (0x0000000711620c80) 
thrown [s\open\src\hotspot\share\interpreter\linkResolver.cpp, line 759]
Event: 5.108 Thread 0x0000026b81019f70 Exception <a 'java/lang/NoSuchMethodError'{0x000000071177c710}: 'java.lang.Object java.lang.invoke.DirectMethodHandle$Holder.invokeVirtual(java.lang.Object, java.lang.Object, java.lang.Object)'> (0x000000071177c710) 
thrown [s\open\src\hotspot\share\interpreter\linkResolver.cpp, line 759]
Event: 6.427 Thread 0x0000026b81019f70 Exception <a 'java/lang/NoSuchMethodError'{0x000000070f8f4c40}: 'void java.lang.invoke.DirectMethodHandle$Holder.invokeStatic(java.lang.Object, java.lang.Object, java.lang.Object, java.lang.Object)'> (0x000000070f8f4c40) 
thrown [s\open\src\hotspot\share\interpreter\linkResolver.cpp, line 759]
Event: 8.615 Thread 0x0000026b81019f70 Implicit null exception at 0x0000026b91d50aef to 0x0000026b91d50cdc
Event: 8.615 Thread 0x0000026b81019f70 Implicit null exception at 0x0000026b91e5a06b to 0x0000026b91e5a238
Event: 8.616 Thread 0x0000026b81019f70 Implicit null exception at 0x0000026b91d6ec8f to 0x0000026b91d6ed09
Event: 9.015 Thread 0x0000026b81019f70 Exception <a 'java/lang/NoSuchMethodError'{0x000000070c539098}: 'java.lang.Object java.lang.invoke.DirectMethodHandle$Holder.newInvokeSpecial(java.lang.Object, java.lang.Object, java.lang.Object, java.lang.Object, java.lang.Object, java.lang.Object, java.lang.Object)'> (0x000000070c539098) 
thrown [s\open\src\hotspot\share\interpreter\linkResolver.cpp, line 759]
Event: 9.016 Thread 0x0000026b81019f70 Exception <a 'java/lang/NoSuchMethodError'{0x000000070c53d9a8}: 'java.lang.Object java.lang.invoke.Invokers$Holder.linkToTargetMethod(java.lang.Object, java.lang.Object, java.lang.Object, java.lang.Object, java.lang.Object, java.lang.Object, java.lang.Object)'> (0x000000070c53d9a8) 
thrown [s\open\src\hotspot\share\interpreter\linkResolver.cpp, line 759]
Event: 9.160 Thread 0x0000026b81019f70 Exception <a 'java/lang/NoSuchMethodError'{0x000000070c3ef618}: 'int java.lang.invoke.DirectMethodHandle$Holder.invokeVirtual(java.lang.Object, java.lang.Object)'> (0x000000070c3ef618) 
thrown [s\open\src\hotspot\share\interpreter\linkResolver.cpp, line 759]
Event: 9.193 Thread 0x0000026b81019f70 Implicit null exception at 0x0000026b91d6efd8 to 0x0000026b91d6f06e
Event: 9.314 Thread 0x0000026b81019f70 Exception <a 'sun/nio/fs/WindowsException'{0x000000070be66250}> (0x000000070be66250) 
thrown [s\open\src\hotspot\share\prims\jni.cpp, line 516]
Event: 9.314 Thread 0x0000026b81019f70 Exception <a 'sun/nio/fs/WindowsException'{0x000000070be66858}> (0x000000070be66858) 
thrown [s\open\src\hotspot\share\prims\jni.cpp, line 516]
Event: 9.314 Thread 0x0000026b81019f70 Exception <a 'sun/nio/fs/WindowsException'{0x000000070be66ae0}> (0x000000070be66ae0) 
thrown [s\open\src\hotspot\share\prims\jni.cpp, line 516]
Event: 9.315 Thread 0x0000026b81019f70 Exception <a 'sun/nio/fs/WindowsException'{0x000000070be676c8}> (0x000000070be676c8) 
thrown [s\open\src\hotspot\share\prims\jni.cpp, line 516]
Event: 9.315 Thread 0x0000026b81019f70 Exception <a 'sun/nio/fs/WindowsException'{0x000000070be67cb8}> (0x000000070be67cb8) 
thrown [s\open\src\hotspot\share\prims\jni.cpp, line 516]
Event: 9.315 Thread 0x0000026b81019f70 Exception <a 'sun/nio/fs/WindowsException'{0x000000070be67f58}> (0x000000070be67f58) 
thrown [s\open\src\hotspot\share\prims\jni.cpp, line 516]
Event: 9.315 Thread 0x0000026b81019f70 Exception <a 'sun/nio/fs/WindowsException'{0x000000070be68b30}> (0x000000070be68b30) 
thrown [s\open\src\hotspot\share\prims\jni.cpp, line 516]
Event: 9.315 Thread 0x0000026b81019f70 Exception <a 'sun/nio/fs/WindowsException'{0x000000070be69120}> (0x000000070be69120) 
thrown [s\open\src\hotspot\share\prims\jni.cpp, line 516]
Event: 9.315 Thread 0x0000026b81019f70 Exception <a 'sun/nio/fs/WindowsException'{0x000000070be693a8}> (0x000000070be693a8) 
thrown [s\open\src\hotspot\share\prims\jni.cpp, line 516]

VM Operations (20 events):
Event: 4.934 Executing VM operation: HandshakeAllThreads
Event: 4.934 Executing VM operation: HandshakeAllThreads done
Event: 4.934 Executing VM operation: HandshakeAllThreads
Event: 4.935 Executing VM operation: HandshakeAllThreads done
Event: 5.620 Executing VM operation: HandshakeAllThreads
Event: 5.620 Executing VM operation: HandshakeAllThreads done
Event: 5.623 Executing VM operation: ICBufferFull
Event: 5.624 Executing VM operation: ICBufferFull done
Event: 6.519 Executing VM operation: ICBufferFull
Event: 6.520 Executing VM operation: ICBufferFull done
Event: 7.534 Executing VM operation: Cleanup
Event: 7.535 Executing VM operation: Cleanup done
Event: 8.543 Executing VM operation: Cleanup
Event: 8.543 Executing VM operation: Cleanup done
Event: 9.156 Executing VM operation: ICBufferFull
Event: 9.157 Executing VM operation: ICBufferFull done
Event: 9.232 Executing VM operation: HandshakeAllThreads
Event: 9.232 Executing VM operation: HandshakeAllThreads done
Event: 9.779 Executing VM operation: G1CollectForAllocation
Event: 9.801 Executing VM operation: G1CollectForAllocation done

Events (20 events):
Event: 9.230 loading class java/nio/file/DirectoryStream
Event: 9.230 loading class java/nio/file/DirectoryStream done
Event: 9.230 loading class sun/nio/fs/WindowsDirectoryStream done
Event: 9.231 loading class sun/nio/fs/WindowsDirectoryStream$WindowsDirectoryIterator
Event: 9.231 Thread 0x0000026bec5bc130 Thread exited: 0x0000026bec5bc130
Event: 9.231 loading class sun/nio/fs/WindowsDirectoryStream$WindowsDirectoryIterator done
Event: 9.231 loading class sun/nio/fs/WindowsPath$WindowsPathWithAttributes
Event: 9.231 loading class sun/nio/fs/BasicFileAttributesHolder
Event: 9.231 loading class sun/nio/fs/BasicFileAttributesHolder done
Event: 9.231 loading class sun/nio/fs/WindowsPath$WindowsPathWithAttributes done
Event: 9.314 loading class sun/nio/fs/WindowsException
Event: 9.314 loading class sun/nio/fs/WindowsException done
Event: 9.586 Thread 0x0000026becbaf260 Thread exited: 0x0000026becbaf260
Event: 9.667 loading class java/nio/file/attribute/PosixFilePermission
Event: 9.667 loading class java/nio/file/attribute/PosixFilePermission done
Event: 9.682 loading class sun/nio/cs/UTF_8$Encoder
Event: 9.682 loading class sun/nio/cs/UTF_8$Encoder done
Event: 9.687 loading class java/nio/file/attribute/PosixFileAttributes
Event: 9.688 loading class java/nio/file/attribute/PosixFileAttributes done
Event: 9.944 Thread 0x0000026becb8ae10 Thread added: 0x0000026becb8ae10


Dynamic libraries:
0x00007ff7ab750000 - 0x00007ff7ab760000 	C:\Program Files\Java\jdk-17\bin\java.exe
0x00007ffb81bc0000 - 0x00007ffb81e26000 	C:\WINDOWS\SYSTEM32\ntdll.dll
0x00007ffb801d0000 - 0x00007ffb80299000 	C:\WINDOWS\System32\KERNEL32.DLL
0x00007ffb7f050000 - 0x00007ffb7f44f000 	C:\WINDOWS\System32\KERNELBASE.dll
0x00007ffb7f6e0000 - 0x00007ffb7f82c000 	C:\WINDOWS\System32\ucrtbase.dll
0x00007ffb51230000 - 0x00007ffb51249000 	C:\Program Files\Java\jdk-17\bin\jli.dll
0x00007ffb4b6b0000 - 0x00007ffb4b6cb000 	C:\Program Files\Java\jdk-17\bin\VCRUNTIME140.dll
0x00007ffb802b0000 - 0x00007ffb8036c000 	C:\WINDOWS\System32\ADVAPI32.dll
0x00007ffb80c00000 - 0x00007ffb80ca9000 	C:\WINDOWS\System32\msvcrt.dll
0x00007ffb80550000 - 0x00007ffb805f9000 	C:\WINDOWS\System32\sechost.dll
0x00007ffb819a0000 - 0x00007ffb81ab8000 	C:\WINDOWS\System32\RPCRT4.dll
0x00007ffb80380000 - 0x00007ffb80546000 	C:\WINDOWS\System32\USER32.dll
0x00007ffb6fc90000 - 0x00007ffb6ff21000 	C:\WINDOWS\WinSxS\amd64_microsoft.windows.common-controls_6595b64144ccf1df_6.0.26100.8972_none_3e0da176e32f9d4b\COMCTL32.dll
0x00007ffb7f5f0000 - 0x00007ffb7f617000 	C:\WINDOWS\System32\win32u.dll
0x00007ffb801a0000 - 0x00007ffb801cb000 	C:\WINDOWS\System32\GDI32.dll
0x00007ffb7edd0000 - 0x00007ffb7eef9000 	C:\WINDOWS\System32\gdi32full.dll
0x00007ffb7f840000 - 0x00007ffb7f8e3000 	C:\WINDOWS\System32\msvcp_win.dll
0x00007ffb75520000 - 0x00007ffb7552b000 	C:\WINDOWS\SYSTEM32\VERSION.dll
0x00007ffb81960000 - 0x00007ffb81992000 	C:\WINDOWS\System32\IMM32.DLL
0x00007ffb5e440000 - 0x00007ffb5e44c000 	C:\Program Files\Java\jdk-17\bin\vcruntime140_1.dll
0x00007ffb15880000 - 0x00007ffb1590e000 	C:\Program Files\Java\jdk-17\bin\msvcp140.dll
0x00007ffac9170000 - 0x00007ffac9d50000 	C:\Program Files\Java\jdk-17\bin\server\jvm.dll
0x00007ffb802a0000 - 0x00007ffb802a8000 	C:\WINDOWS\System32\PSAPI.DLL
0x00007ffb5b7a0000 - 0x00007ffb5b7aa000 	C:\WINDOWS\SYSTEM32\WSOCK32.dll
0x00007ffb6f9f0000 - 0x00007ffb6fa26000 	C:\WINDOWS\SYSTEM32\WINMM.dll
0x00007ffb7fc40000 - 0x00007ffb7fcc2000 	C:\WINDOWS\System32\WS2_32.dll
0x00007ffb7da80000 - 0x00007ffb7da9b000 	C:\WINDOWS\SYSTEM32\kernel.appcore.dll
0x00007ffb547b0000 - 0x00007ffb547ba000 	C:\Program Files\Java\jdk-17\bin\jimage.dll
0x00007ffb7c1c0000 - 0x00007ffb7c402000 	C:\WINDOWS\SYSTEM32\DBGHELP.DLL
0x00007ffb80610000 - 0x00007ffb80995000 	C:\WINDOWS\System32\combase.dll
0x00007ffb800c0000 - 0x00007ffb80199000 	C:\WINDOWS\System32\OLEAUT32.dll
0x00007ffb69370000 - 0x00007ffb693ab000 	C:\WINDOWS\SYSTEM32\dbgcore.DLL
0x00007ffb7f620000 - 0x00007ffb7f6cc000 	C:\WINDOWS\System32\bcryptPrimitives.dll
0x00007ffb48710000 - 0x00007ffb48735000 	C:\Program Files\Java\jdk-17\bin\java.dll
0x00007ffb0cf80000 - 0x00007ffb0d057000 	C:\Program Files\Java\jdk-17\bin\jsvml.dll
0x00007ffb80d40000 - 0x00007ffb814c8000 	C:\WINDOWS\System32\SHELL32.dll
0x00007ffb7c840000 - 0x00007ffb7d0db000 	C:\WINDOWS\SYSTEM32\windows.storage.dll
0x00007ffb7fe90000 - 0x00007ffb7ff89000 	C:\WINDOWS\System32\SHCORE.dll
0x00007ffb7f8f0000 - 0x00007ffb7f956000 	C:\WINDOWS\System32\shlwapi.dll
0x00007ffb7ecf0000 - 0x00007ffb7ed19000 	C:\WINDOWS\SYSTEM32\profapi.dll
0x00007ffb4b3f0000 - 0x00007ffb4b409000 	C:\Program Files\Java\jdk-17\bin\net.dll
0x00007ffb79710000 - 0x00007ffb79837000 	C:\WINDOWS\SYSTEM32\WINHTTP.dll
0x00007ffb7e010000 - 0x00007ffb7e07c000 	C:\WINDOWS\system32\mswsock.dll
0x00007ffb483e0000 - 0x00007ffb483f6000 	C:\Program Files\Java\jdk-17\bin\nio.dll
0x00007ffb483c0000 - 0x00007ffb483d8000 	C:\Program Files\Java\jdk-17\bin\zip.dll
0x00007ffb45480000 - 0x00007ffb454a4000 	C:\Users\ASUS\.m2\wrapper\dists\apache-maven-3.9.16\0daed3be3ebd1c706f0e69e8b07c6b73f5cc4ea3dfce72a8d0ec2e849ca2ddb0\lib\jansi-native\Windows\x86_64\jansi.dll
0x00007ffb54700000 - 0x00007ffb54710000 	C:\Program Files\Java\jdk-17\bin\verify.dll

dbghelp: loaded successfully - version: 4.0.5 - missing functions: none
symbol engine: initialized successfully - sym options: 0x614 - pdb path: .;C:\Program Files\Java\jdk-17\bin;C:\WINDOWS\SYSTEM32;C:\WINDOWS\WinSxS\amd64_microsoft.windows.common-controls_6595b64144ccf1df_6.0.26100.8972_none_3e0da176e32f9d4b;C:\Program Files\Java\jdk-17\bin\server;C:\Users\ASUS\.m2\wrapper\dists\apache-maven-3.9.16\0daed3be3ebd1c706f0e69e8b07c6b73f5cc4ea3dfce72a8d0ec2e849ca2ddb0\lib\jansi-native\Windows\x86_64

VM Arguments:
jvm_args: --enable-native-access=ALL-UNNAMED -Dclassworlds.conf=C:\Users\ASUS\.m2\wrapper\dists\apache-maven-3.9.16\0daed3be3ebd1c706f0e69e8b07c6b73f5cc4ea3dfce72a8d0ec2e849ca2ddb0\bin\m2.conf -Dmaven.home=C:\Users\ASUS\.m2\wrapper\dists\apache-maven-3.9.16\0daed3be3ebd1c706f0e69e8b07c6b73f5cc4ea3dfce72a8d0ec2e849ca2ddb0 -Dlibrary.jansi.path=C:\Users\ASUS\.m2\wrapper\dists\apache-maven-3.9.16\0daed3be3ebd1c706f0e69e8b07c6b73f5cc4ea3dfce72a8d0ec2e849ca2ddb0\lib\jansi-native -Dmaven.multiModuleProjectDirectory=D:\crs-microservices\registration-service 
java_command: org.codehaus.plexus.classworlds.launcher.Launcher clean compile
java_class_path (initial): C:\Users\ASUS\.m2\wrapper\dists\apache-maven-3.9.16\0daed3be3ebd1c706f0e69e8b07c6b73f5cc4ea3dfce72a8d0ec2e849ca2ddb0\boot\plexus-classworlds-2.11.0.jar
Launcher Type: SUN_STANDARD

[Global flags]
     intx CICompilerCount                          = 4                                         {product} {ergonomic}
     uint ConcGCThreads                            = 2                                         {product} {ergonomic}
     uint G1ConcRefinementThreads                  = 8                                         {product} {ergonomic}
   size_t G1HeapRegionSize                         = 2097152                                   {product} {ergonomic}
    uintx GCDrainStackTargetSize                   = 64                                        {product} {ergonomic}
   size_t InitialHeapSize                          = 264241152                                 {product} {ergonomic}
   size_t MarkStackSize                            = 4194304                                   {product} {ergonomic}
   size_t MaxHeapSize                              = 4215275520                                {product} {ergonomic}
   size_t MaxNewSize                               = 2529165312                                {product} {ergonomic}
   size_t MinHeapDeltaBytes                        = 2097152                                   {product} {ergonomic}
   size_t MinHeapSize                              = 8388608                                   {product} {ergonomic}
    uintx NonNMethodCodeHeapSize                   = 5839372                                {pd product} {ergonomic}
    uintx NonProfiledCodeHeapSize                  = 122909434                              {pd product} {ergonomic}
    uintx ProfiledCodeHeapSize                     = 122909434                              {pd product} {ergonomic}
    uintx ReservedCodeCacheSize                    = 251658240                              {pd product} {ergonomic}
     bool SegmentedCodeCache                       = true                                      {product} {ergonomic}
   size_t SoftMaxHeapSize                          = 4215275520                             {manageable} {ergonomic}
     bool UseCompressedClassPointers               = true                           {product lp64_product} {ergonomic}
     bool UseCompressedOops                        = true                           {product lp64_product} {ergonomic}
     bool UseG1GC                                  = true                                      {product} {ergonomic}
     bool UseLargePagesIndividualAllocation        = false                                  {pd product} {ergonomic}

Logging:
Log output configuration:
 #0: stdout all=warning uptime,level,tags
 #1: stderr all=off uptime,level,tags

Environment Variables:
JAVA_HOME=C:\Program Files\Java\jdk-17
PATH=C:\Program Files\Java\jdk-17\bin;C:\Program Files\Common Files\Oracle\Java\javapath;C:\WINDOWS\system32;C:\WINDOWS;C:\WINDOWS\System32\Wbem;C:\WINDOWS\System32\WindowsPowerShell\v1.0\;C:\WINDOWS\System32\OpenSSH\;C:\Program Files\Cloudflare\Cloudflare WARP\;C:\Program Files\dotnet\;C:\Program Files\SafeNet\Authentication\SAC\x64;C:\Program Files\SafeNet\Authentication\SAC\x32;C:\Program Files (x86)\Microsoft SQL Server\160\Tools\Binn\;C:\Program Files\Microsoft SQL Server\160\Tools\Binn\;C:\Program Files\Microsoft SQL Server\Client SDK\ODBC\170\Tools\Binn\;C:\Program Files\Microsoft SQL Server\160\DTS\Binn\;C:\Program Files\Git\cmd;C:\Program Files\nodejs\;C:\xampp\php;C:\ProgramData\ComposerSetup\bin;C:\Program Files\Microsoft SQL Server\170\Tools\Binn\;D:\Git\cmd;C:\Users\ASUS\AppData\Local\Programs\Python\Python313\Scripts\;C:\Users\ASUS\AppData\Local\Programs\Python\Python313\;C:\Users\ASUS\AppData\Local\Programs\Python\Launcher\;C:\Users\ASUS\AppData\Local\Microsoft\WindowsApps;C:\Program Files (x86)\Nmap;C:\Users\ASUS\AppData\Local\Programs\Microsoft VS Code\bin;C:\Program Files\Java\jdk-17\bin;C:\Program Files\Java\jdk-17\bin;C:\Program Files\Java\jdk-17\bin;C:\Program Files\nodejs;C:\Users\ASUS\AppData\Roaming\npm;C:\Users\ASUS\AppData\Roaming\Composer\vendor\bin;C:\Users\ASUS\.dotnet\tools;D:\IntelliJ IDEA 2026.2.0.1\bin
USERNAME=ASUS
OS=Windows_NT
PROCESSOR_IDENTIFIER=Intel64 Family 6 Model 140 Stepping 1, GenuineIntel



---------------  S Y S T E M  ---------------

OS:
 Windows 11 , 64 bit Build 26100 (10.0.26100.8972)
OS uptime: 1 days 2:13 hours
Hyper-V role detected

CPU: total 8 (initial active 8) (4 cores per cpu, 2 threads per core) family 6 model 140 stepping 1 microcode 0x9a, cx8, cmov, fxsr, ht, mmx, 3dnowpref, sse, sse2, sse3, ssse3, sse4.1, sse4.2, popcnt, lzcnt, tsc, tscinvbit, avx, avx2, aes, erms, clmul, bmi1, bmi2, adx, avx512f, avx512dq, avx512cd, avx512bw, avx512vl, sha, fma, vzeroupper, avx512_vpopcntdq, avx512_vpclmulqdq, avx512_vaes, avx512_vnni, clflush, clflushopt, clwb, avx512_vbmi2, avx512_vbmi, hv

Memory: 4k page, system-wide physical 16079M (640M free)
TotalPageFile size 23219M (AvailPageFile size 8M)
current process WorkingSet (physical memory assigned to process): 267M, peak: 267M
current process commit charge ("private bytes"): 401M, peak: 401M

vm_info: Java HotSpot(TM) 64-Bit Server VM (17.0.12+8-LTS-286) for windows-amd64 JRE (17.0.12+8-LTS-286), built on Jun  5 2024 06:46:59 by "mach5one" with MS VC++ 17.6 (VS2022)

END.
